<html>
<body>
<pre>
<h1>µVision Build Log</h1>
<h2>Tool Versions:</h2>
IDE-Version: ¶ÃVision V5.43.1.0
Copyright (C) 2025 ARM Ltd and ARM Germany GmbH. All rights reserved.
License Information: guo yushuo, hainanu, LIC=----
 
Tool Versions:
Toolchain:       MDK-Lite  Version: 5.43.0.0
Toolchain Path:  D:\Keil5\ARM\ARMCC\Bin
C Compiler:      Armcc.exe V5.06 update 7 (build 960)
Assembler:       Armasm.exe V5.06 update 7 (build 960)
Linker/Locator:  ArmLink.exe V5.06 update 7 (build 960)
Library Manager: ArmAr.exe V5.06 update 7 (build 960)
Hex Converter:   FromElf.exe V5.06 update 7 (build 960)
CPU DLL:         SARMCM3.DLL V5.43.0.0
Dialog DLL:      DCM.DLL V1.17.5.0
Target DLL:      STLink\ST-LINKIII-KEIL_SWO.dll V3.3.1.0
Dialog DLL:      TCM.DLL V1.56.6.0
 
<h2>Project:</h2>
D:\STM32Project\26µÁ»¸–ﬁ∂©∞Ê\Project.uvprojx
Project File Date:  07/31/2026

<h2>Output:</h2>
*** Using Compiler 'V5.06 update 7 (build 960)', folder: 'D:\Keil5\ARM\ARMCC\Bin'
Rebuild target 'Target 1'
assembling startup_stm32f10x_md.s...
compiling core_cm3.c...
compiling stm32f10x_gpio.c...
compiling stm32f10x_bkp.c...
compiling stm32f10x_adc.c...
compiling stm32f10x_sdio.c...
compiling stm32f10x_can.c...
compiling stm32f10x_dbgmcu.c...
compiling stm32f10x_cec.c...
compiling stm32f10x_crc.c...
compiling stm32f10x_dac.c...
compiling stm32f10x_exti.c...
compiling stm32f10x_flash.c...
compiling stm32f10x_dma.c...
compiling stm32f10x_rtc.c...
compiling system_stm32f10x.c...
compiling stm32f10x_fsmc.c...
compiling stm32f10x_wwdg.c...
compiling stm32f10x_iwdg.c...
compiling misc.c...
compiling stm32f10x_pwr.c...
compiling Delay.c...
compiling stm32f10x_usart.c...
compiling stm32f10x_spi.c...
compiling stm32f10x_rcc.c...
compiling stm32f10x_i2c.c...
compiling stm32f10x_tim.c...
compiling OLED.c...
compiling PWM.c...
compiling LED.c...
compiling Key.c...
compiling Timer.c...
Hardware\Timer.h(13): warning:  #1-D: last line of file ends without a newline
  #endif
Hardware\Control.h(41): warning:  #1-D: last line of file ends without a newline
  #endif
Hardware\LapTime.h(17): warning:  #1-D: last line of file ends without a newline
  #endif
Hardware\BallTask.h(37): warning:  #1-D: last line of file ends without a newline
  #endif
Hardware\CompetitionTask.h(46): warning:  #1-D: last line of file ends without a newline
  #endif
Hardware\Timer.c(71): warning:  #1-D: last line of file ends without a newline
  }
Hardware\Timer.c: 6 warnings, 0 errors
compiling Gray.c...
Hardware\Gray.h(25): warning:  #1-D: last line of file ends without a newline
  #endif
Hardware\Gray.c: 1 warning, 0 errors
compiling stm32f10x_it.c...
.\Hardware\Timer.h(13): warning:  #1-D: last line of file ends without a newline
  #endif
.\Hardware\MaixCAM.h(19): warning:  #1-D: last line of file ends without a newline
  #endif
User\stm32f10x_it.c: 2 warnings, 0 errors
compiling PID.c...
Hardware\PID.h(41): warning:  #1-D: last line of file ends without a newline
  #endif
Hardware\PID.c(99): warning:  #1-D: last line of file ends without a newline
  }
Hardware\PID.c: 2 warnings, 0 errors
compiling MaixCAM.c...
Hardware\MaixCAM.h(19): warning:  #1-D: last line of file ends without a newline
  #endif
Hardware\Timer.h(13): warning:  #1-D: last line of file ends without a newline
  #endif
Hardware\MaixCAM.c(363): warning:  #1-D: last line of file ends without a newline
  }
Hardware\MaixCAM.c: 3 warnings, 0 errors
compiling Motor.c...
Hardware\Motor.h(25): warning:  #1-D: last line of file ends without a newline
  #endif
Hardware\Motor.c(192): warning:  #1-D: last line of file ends without a newline
  }
Hardware\Motor.c: 2 warnings, 0 errors
compiling BallPID.c...
Hardware\BallPID.h(21): warning:  #1-D: last line of file ends without a newline
  #endif
Hardware\BallPID.c(356): warning:  #111-D: statement is unreachable
          return Output;
Hardware\BallPID.c(411): warning:  #1-D: last line of file ends without a newline
  }
Hardware\BallPID.c: 3 warnings, 0 errors
compiling BalanceOutput.c...
Hardware\BalanceOutput.c(213): warning:  #1-D: last line of file ends without a newline
  }
Hardware\BalanceOutput.c: 1 warning, 0 errors
compiling Control.c...
Hardware\Control.h(41): warning:  #1-D: last line of file ends without a newline
  #endif
Hardware\Motor.h(25): warning:  #1-D: last line of file ends without a newline
  #endif
Hardware\Encoder.h(18): warning:  #1-D: last line of file ends without a newline
  #endif
Hardware\Gray.h(25): warning:  #1-D: last line of file ends without a newline
  #endif
Hardware\Control.c(349): warning:  #1-D: last line of file ends without a newline
  }
Hardware\Control.c: 5 warnings, 0 errors
compiling BallTask.c...
Hardware\BallTask.h(37): warning:  #1-D: last line of file ends without a newline
  #endif
Hardware\BallPID.h(21): warning:  #1-D: last line of file ends without a newline
  #endif
Hardware\MaixCAM.h(19): warning:  #1-D: last line of file ends without a newline
  #endif
Hardware\Timer.h(13): warning:  #1-D: last line of file ends without a newline
  #endif
Hardware\BallTask.c(364): warning:  #1-D: last line of file ends without a newline
  }
Hardware\BallTask.c(152): warning:  #177-D: function "BallTask_Task3Update"  was declared but never referenced
  static void BallTask_Task3Update(
Hardware\BallTask.c: 6 warnings, 0 errors
compiling LapTime.c...
Hardware\LapTime.h(17): warning:  #1-D: last line of file ends without a newline
  #endif
Hardware\Gray.h(25): warning:  #1-D: last line of file ends without a newline
  #endif
Hardware\Control.h(41): warning:  #1-D: last line of file ends without a newline
  #endif
Hardware\Motor.h(25): warning:  #1-D: last line of file ends without a newline
  #endif
Hardware\LapTime.c(217): warning:  #1-D: last line of file ends without a newline
  }
Hardware\LapTime.c: 5 warnings, 0 errors
compiling Encoder.c...
Hardware\Encoder.h(18): warning:  #1-D: last line of file ends without a newline
  #endif
Hardware\Encoder.c(105): warning:  #1-D: last line of file ends without a newline
  }
Hardware\Encoder.c: 2 warnings, 0 errors
compiling CompetitionTask.c...
Hardware\CompetitionTask.h(46): warning:  #1-D: last line of file ends without a newline
  #endif
Hardware\BallTask.h(37): warning:  #1-D: last line of file ends without a newline
  #endif
Hardware\MaixCAM.h(19): warning:  #1-D: last line of file ends without a newline
  #endif
Hardware\Control.h(41): warning:  #1-D: last line of file ends without a newline
  #endif
Hardware\LapTime.h(17): warning:  #1-D: last line of file ends without a newline
  #endif
Hardware\Timer.h(13): warning:  #1-D: last line of file ends without a newline
  #endif
Hardware\CompetitionTask.c(546): warning:  #1-D: last line of file ends without a newline
  }
Hardware\CompetitionTask.c: 7 warnings, 0 errors
compiling main.c...
.\Hardware\Motor.h(25): warning:  #1-D: last line of file ends without a newline
  #endif
.\Hardware\Encoder.h(18): warning:  #1-D: last line of file ends without a newline
  #endif
.\Hardware\Gray.h(25): warning:  #1-D: last line of file ends without a newline
  #endif
.\Hardware\Control.h(41): warning:  #1-D: last line of file ends without a newline
  #endif
.\Hardware\Timer.h(13): warning:  #1-D: last line of file ends without a newline
  #endif
.\Hardware\LapTime.h(17): warning:  #1-D: last line of file ends without a newline
  #endif
.\Hardware\MaixCAM.h(19): warning:  #1-D: last line of file ends without a newline
  #endif
.\Hardware\BallTask.h(37): warning:  #1-D: last line of file ends without a newline
  #endif
.\Hardware\CompetitionTask.h(46): warning:  #1-D: last line of file ends without a newline
  #endif
User\main.c(563): warning:  #1-D: last line of file ends without a newline
  }
User\main.c: 10 warnings, 0 errors
linking...
Program Size: Code=10800 RO-data=1788 RW-data=244 ZI-data=1060  
".\Objects\Project.axf" - 0 Error(s), 55 Warning(s).

<h2>Software Packages used:</h2>

Package Vendor: Keil
                http://www.keil.com/pack/Keil.STM32F1xx_DFP.2.2.0.pack
                Keil::STM32F1xx_DFP@2.2.0
                STMicroelectronics STM32F1 Series Device Support, Drivers and Examples

<h2>Collection of Component include folders:</h2>
  D:/Keil5/Keil/STM32F1xx_DFP/2.2.0/Device/Include

<h2>Collection of Component Files used:</h2>
Build Time Elapsed:  00:00:01
</pre>
</body>
</html>
