Component: ARM Compiler 5.06 update 7 (build 960) Tool: armlink [4d3601]

==============================================================================

Section Cross References

    startup_stm32f10x_md.o(RESET) refers to startup_stm32f10x_md.o(STACK) for __initial_sp
    startup_stm32f10x_md.o(RESET) refers to startup_stm32f10x_md.o(.text) for Reset_Handler
    startup_stm32f10x_md.o(RESET) refers to stm32f10x_it.o(i.NMI_Handler) for NMI_Handler
    startup_stm32f10x_md.o(RESET) refers to stm32f10x_it.o(i.HardFault_Handler) for HardFault_Handler
    startup_stm32f10x_md.o(RESET) refers to stm32f10x_it.o(i.MemManage_Handler) for MemManage_Handler
    startup_stm32f10x_md.o(RESET) refers to stm32f10x_it.o(i.BusFault_Handler) for BusFault_Handler
    startup_stm32f10x_md.o(RESET) refers to stm32f10x_it.o(i.UsageFault_Handler) for UsageFault_Handler
    startup_stm32f10x_md.o(RESET) refers to stm32f10x_it.o(i.SVC_Handler) for SVC_Handler
    startup_stm32f10x_md.o(RESET) refers to stm32f10x_it.o(i.DebugMon_Handler) for DebugMon_Handler
    startup_stm32f10x_md.o(RESET) refers to stm32f10x_it.o(i.PendSV_Handler) for PendSV_Handler
    startup_stm32f10x_md.o(RESET) refers to stm32f10x_it.o(i.SysTick_Handler) for SysTick_Handler
    startup_stm32f10x_md.o(RESET) refers to stm32f10x_it.o(i.USART1_IRQHandler) for USART1_IRQHandler
    startup_stm32f10x_md.o(.text) refers to system_stm32f10x.o(i.SystemInit) for SystemInit
    startup_stm32f10x_md.o(.text) refers to entry.o(.ARM.Collect$$$$00000000) for __main
    system_stm32f10x.o(i.SetSysClock) refers to system_stm32f10x.o(i.SetSysClockTo72) for SetSysClockTo72
    system_stm32f10x.o(i.SystemCoreClockUpdate) refers to system_stm32f10x.o(.data) for .data
    system_stm32f10x.o(i.SystemInit) refers to system_stm32f10x.o(i.SetSysClock) for SetSysClock
    stm32f10x_adc.o(i.ADC_DeInit) refers to stm32f10x_rcc.o(i.RCC_APB2PeriphResetCmd) for RCC_APB2PeriphResetCmd
    stm32f10x_bkp.o(i.BKP_DeInit) refers to stm32f10x_rcc.o(i.RCC_BackupResetCmd) for RCC_BackupResetCmd
    stm32f10x_can.o(i.CAN_DeInit) refers to stm32f10x_rcc.o(i.RCC_APB1PeriphResetCmd) for RCC_APB1PeriphResetCmd
    stm32f10x_can.o(i.CAN_GetITStatus) refers to stm32f10x_can.o(i.CheckITStatus) for CheckITStatus
    stm32f10x_cec.o(i.CEC_DeInit) refers to stm32f10x_rcc.o(i.RCC_APB1PeriphResetCmd) for RCC_APB1PeriphResetCmd
    stm32f10x_dac.o(i.DAC_DeInit) refers to stm32f10x_rcc.o(i.RCC_APB1PeriphResetCmd) for RCC_APB1PeriphResetCmd
    stm32f10x_flash.o(i.FLASH_EnableWriteProtection) refers to stm32f10x_flash.o(i.FLASH_WaitForLastOperation) for FLASH_WaitForLastOperation
    stm32f10x_flash.o(i.FLASH_EraseAllBank1Pages) refers to stm32f10x_flash.o(i.FLASH_WaitForLastBank1Operation) for FLASH_WaitForLastBank1Operation
    stm32f10x_flash.o(i.FLASH_EraseAllPages) refers to stm32f10x_flash.o(i.FLASH_WaitForLastOperation) for FLASH_WaitForLastOperation
    stm32f10x_flash.o(i.FLASH_EraseOptionBytes) refers to stm32f10x_flash.o(i.FLASH_GetReadOutProtectionStatus) for FLASH_GetReadOutProtectionStatus
    stm32f10x_flash.o(i.FLASH_EraseOptionBytes) refers to stm32f10x_flash.o(i.FLASH_WaitForLastOperation) for FLASH_WaitForLastOperation
    stm32f10x_flash.o(i.FLASH_ErasePage) refers to stm32f10x_flash.o(i.FLASH_WaitForLastOperation) for FLASH_WaitForLastOperation
    stm32f10x_flash.o(i.FLASH_ProgramHalfWord) refers to stm32f10x_flash.o(i.FLASH_WaitForLastOperation) for FLASH_WaitForLastOperation
    stm32f10x_flash.o(i.FLASH_ProgramOptionByteData) refers to stm32f10x_flash.o(i.FLASH_WaitForLastOperation) for FLASH_WaitForLastOperation
    stm32f10x_flash.o(i.FLASH_ProgramWord) refers to stm32f10x_flash.o(i.FLASH_WaitForLastOperation) for FLASH_WaitForLastOperation
    stm32f10x_flash.o(i.FLASH_ReadOutProtection) refers to stm32f10x_flash.o(i.FLASH_WaitForLastOperation) for FLASH_WaitForLastOperation
    stm32f10x_flash.o(i.FLASH_UserOptionByteConfig) refers to stm32f10x_flash.o(i.FLASH_WaitForLastOperation) for FLASH_WaitForLastOperation
    stm32f10x_flash.o(i.FLASH_WaitForLastBank1Operation) refers to stm32f10x_flash.o(i.FLASH_GetBank1Status) for FLASH_GetBank1Status
    stm32f10x_flash.o(i.FLASH_WaitForLastOperation) refers to stm32f10x_flash.o(i.FLASH_GetBank1Status) for FLASH_GetBank1Status
    stm32f10x_gpio.o(i.GPIO_AFIODeInit) refers to stm32f10x_rcc.o(i.RCC_APB2PeriphResetCmd) for RCC_APB2PeriphResetCmd
    stm32f10x_gpio.o(i.GPIO_DeInit) refers to stm32f10x_rcc.o(i.RCC_APB2PeriphResetCmd) for RCC_APB2PeriphResetCmd
    stm32f10x_i2c.o(i.I2C_DeInit) refers to stm32f10x_rcc.o(i.RCC_APB1PeriphResetCmd) for RCC_APB1PeriphResetCmd
    stm32f10x_i2c.o(i.I2C_Init) refers to stm32f10x_rcc.o(i.RCC_GetClocksFreq) for RCC_GetClocksFreq
    stm32f10x_pwr.o(i.PWR_DeInit) refers to stm32f10x_rcc.o(i.RCC_APB1PeriphResetCmd) for RCC_APB1PeriphResetCmd
    stm32f10x_rcc.o(i.RCC_GetClocksFreq) refers to stm32f10x_rcc.o(.data) for .data
[...]
    Removing balltask.o(i.BallTask_SetTask6TargetMm), (44 bytes).
    Removing competitiontask.o(i.CompetitionTask_HasFault), (20 bytes).
    Removing competitiontask.o(i.CompetitionTask_IsFinished), (20 bytes).

475 unused section(s) (total 15746 bytes) removed from the image.

==============================================================================

Image Symbol Table

    Local Symbols

    Symbol Name                              Value     Ov Type        Size  Object(Section)

    ../clib/microlib/init/entry.s            0x00000000   Number         0  entry9b.o ABSOLUTE
    ../clib/microlib/init/entry.s            0x00000000   Number         0  entry8b.o ABSOLUTE
    ../clib/microlib/init/entry.s            0x00000000   Number         0  entry9a.o ABSOLUTE
    ../clib/microlib/init/entry.s            0x00000000   Number         0  entry11b.o ABSOLUTE
    ../clib/microlib/init/entry.s            0x00000000   Number         0  entry2.o ABSOLUTE
    ../clib/microlib/init/entry.s            0x00000000   Number         0  entry12b.o ABSOLUTE
    ../clib/microlib/init/entry.s            0x00000000   Number         0  entry12a.o ABSOLUTE
    ../clib/microlib/init/entry.s            0x00000000   Number         0  entry.o ABSOLUTE
    ../clib/microlib/init/entry.s            0x00000000   Number         0  entry8a.o ABSOLUTE
    ../clib/microlib/init/entry.s            0x00000000   Number         0  entry10a.o ABSOLUTE
    ../clib/microlib/init/entry.s            0x00000000   Number         0  entry10b.o ABSOLUTE
    ../clib/microlib/init/entry.s            0x00000000   Number         0  entry5.o ABSOLUTE
    ../clib/microlib/init/entry.s            0x00000000   Number         0  entry11a.o ABSOLUTE
    ../clib/microlib/init/entry.s            0x00000000   Number         0  entry7a.o ABSOLUTE
    ../clib/microlib/init/entry.s            0x00000000   Number         0  entry7b.o ABSOLUTE
    ../clib/microlib/stubs.s                 0x00000000   Number         0  iusefp.o ABSOLUTE
    ../fplib/microlib/fpadd.c                0x00000000   Number         0  fadd.o ABSOLUTE
    ../fplib/microlib/fpepilogue.c           0x00000000   Number         0  fepilogue.o ABSOLUTE
    ../fplib/microlib/fpfix.c                0x00000000   Number         0  ffixui.o ABSOLUTE
    ../fplib/microlib/fpfix.c                0x00000000   Number         0  ffixi.o ABSOLUTE
    ../fplib/microlib/fpflt.c                0x00000000   Number         0  fflti.o ABSOLUTE
    ../fplib/microlib/fpmul.c                0x00000000   Number         0  fmul.o ABSOLUTE
    Hardware\BalanceOutput.c                 0x00000000   Number         0  balanceoutput.o ABSOLUTE
    Hardware\BallPID.c                       0x00000000   Number         0  ballpid.o ABSOLUTE
    Hardware\BallTask.c                      0x00000000   Number         0  balltask.o ABSOLUTE
    Hardware\CompetitionTask.c               0x00000000   Number         0  competitiontask.o ABSOLUTE
    Hardware\Control.c                       0x00000000   Number         0  control.o ABSOLUTE
    Hardware\Encoder.c                       0x00000000   Number         0  encoder.o ABSOLUTE
    Hardware\Gray.c                          0x00000000   Number         0  gray.o ABSOLUTE
    Hardware\Key.c                           0x00000000   Number         0  key.o ABSOLUTE
    Hardware\LED.c                           0x00000000   Number         0  led.o ABSOLUTE
    Hardware\LapTime.c                       0x00000000   Number         0  laptime.o ABSOLUTE
    Hardware\MaixCAM.c                       0x00000000   Number         0  maixcam.o ABSOLUTE
    Hardware\Motor.c                         0x00000000   Number         0  motor.o ABSOLUTE
    Hardware\OLED.c                          0x00000000   Number         0  oled.o ABSOLUTE
    Hardware\PID.c                           0x00000000   Number         0  pid.o ABSOLUTE
    Hardware\PWM.c                           0x00000000   Number         0  pwm.o ABSOLUTE
    Hardware\Timer.c                         0x00000000   Number         0  timer.o ABSOLUTE
    Library\misc.c                           0x00000000   Number         0  misc.o ABSOLUTE
    Library\stm32f10x_adc.c                  0x00000000   Number         0  stm32f10x_adc.o ABSOLUTE
    Library\stm32f10x_bkp.c                  0x00000000   Number         0  stm32f10x_bkp.o ABSOLUTE
    Library\stm32f10x_can.c                  0x00000000   Number         0  stm32f10x_can.o ABSOLUTE
    Library\stm32f10x_cec.c                  0x00000000   Number         0  stm32f10x_cec.o ABSOLUTE
    Library\stm32f10x_crc.c                  0x00000000   Number         0  stm32f10x_crc.o ABSOLUTE
    Library\stm32f10x_dac.c                  0x00000000   Number         0  stm32f10x_dac.o ABSOLUTE
    Library\stm32f10x_dbgmcu.c               0x00000000   Number         0  stm32f10x_dbgmcu.o ABSOLUTE
    Library\stm32f10x_dma.c                  0x00000000   Number         0  stm32f10x_dma.o ABSOLUTE
    Library\stm32f10x_exti.c                 0x00000000   Number         0  stm32f10x_exti.o ABSOLUTE
    Library\stm32f10x_flash.c                0x00000000   Number         0  stm32f10x_flash.o ABSOLUTE
    Library\stm32f10x_fsmc.c                 0x00000000   Number         0  stm32f10x_fsmc.o ABSOLUTE
    Library\stm32f10x_gpio.c                 0x00000000   Number         0  stm32f10x_gpio.o ABSOLUTE
    Library\stm32f10x_i2c.c                  0x00000000   Number         0  stm32f10x_i2c.o ABSOLUTE
    Library\stm32f10x_iwdg.c                 0x00000000   Number         0  stm32f10x_iwdg.o ABSOLUTE
    Library\stm32f10x_pwr.c                  0x00000000   Number         0  stm32f10x_pwr.o ABSOLUTE
    Library\stm32f10x_rcc.c                  0x00000000   Number         0  stm32f10x_rcc.o ABSOLUTE
    Library\stm32f10x_rtc.c                  0x00000000   Number         0  stm32f10x_rtc.o ABSOLUTE
    Library\stm32f10x_sdio.c                 0x00000000   Number         0  stm32f10x_sdio.o ABSOLUTE
    Library\stm32f10x_spi.c                  0x00000000   Number         0  stm32f10x_spi.o ABSOLUTE
    Library\stm32f10x_tim.c                  0x00000000   Number         0  stm32f10x_tim.o ABSOLUTE
    Library\stm32f10x_usart.c                0x00000000   Number         0  stm32f10x_usart.o ABSOLUTE
    Library\stm32f10x_wwdg.c                 0x00000000   Number         0  stm32f10x_wwdg.o ABSOLUTE
    Start\\core_cm3.c                        0x00000000   Number         0  core_cm3.o ABSOLUTE
    Start\core_cm3.c                         0x00000000   Number         0  core_cm3.o ABSOLUTE
    Start\startup_stm32f10x_md.s             0x00000000   Number         0  startup_stm32f10x_md.o ABSOLUTE
    Start\system_stm32f10x.c                 0x00000000   Number         0  system_stm32f10x.o ABSOLUTE
    System\Delay.c                           0x00000000   Number         0  delay.o ABSOLUTE
    User\main.c                              0x00000000   Number         0  main.o ABSOLUTE
    User\stm32f10x_it.c                      0x00000000   Number         0  stm32f10x_it.o ABSOLUTE
    cfcmple.s                                0x00000000   Number         0  cfcmple.o ABSOLUTE
    cfrcmple.s                               0x00000000   Number         0  cfrcmple.o ABSOLUTE
    dc.s                                     0x00000000   Number         0  dc.o ABSOLUTE
    handlers.s                               0x00000000   Number         0  handlers.o ABSOLUTE
    init.s                                   0x00000000   Number         0  init.o ABSOLUTE
    RESET                                    0x08000000   Section      236  startup_stm32f10x_md.o(RESET)
    .ARM.Collect$$$$00000000                 0x080000ec   Section        0  entry.o(.ARM.Collect$$$$00000000)
    .ARM.Collect$$$$00000001                 0x080000ec   Section        4  entry2.o(.ARM.Collect$$$$00000001)
    .ARM.Collect$$$$00000004                 0x080000f0   Section        4  entry5.o(.ARM.Collect$$$$00000004)
    .ARM.Collect$$$$00000008                 0x080000f4   Section        0  entry7b.o(.ARM.Collect$$$$00000008)
    .ARM.Collect$$$$0000000A                 0x080000f4   Section        0  entry8b.o(.ARM.Collect$$$$0000000A)
    .ARM.Collect$$$$0000000B                 0x080000f4   Section        8  entry9a.o(.ARM.Collect$$$$0000000B)
    .ARM.Collect$$$$0000000E                 0x080000fc   Section        4  entry12b.o(.ARM.Collect$$$$0000000E)
    .ARM.Collect$$$$0000000F                 0x08000100   Section        0  entry10a.o(.ARM.Collect$$$$0000000F)
    .ARM.Collect$$$$00000011                 0x08000100   Section        0  entry11a.o(.ARM.Collect$$$$00000011)
    .ARM.Collect$$$$00002712                 0x08000100   Section        4  entry2.o(.ARM.Collect$$$$00002712)
    __lit__00000000                          0x08000100   Data           4  entry2.o(.ARM.Collect$$$$00002712)
    .text                                    0x08000104   Section       36  startup_stm32f10x_md.o(.text)
    .text                                    0x08000128   Section        0  fadd.o(.text)
    .text                                    0x080001d8   Section        0  fmul.o(.text)
    .text                                    0x0800023c   Section        0  fflti.o(.text)
    .text                                    0x0800024e   Section        0  ffixi.o(.text)
    .text                                    0x08000280   Section        0  ffixui.o(.text)
    .text                                    0x080002a8   Section       20  cfcmple.o(.text)
    .text                                    0x080002bc   Section       20  cfrcmple.o(.text)
    .text                                    0x080002d0   Section        0  fepilogue.o(.text)
    .text                                    0x080002d0   Section        0  iusefp.o(.text)
    .text                                    0x08000340   Section       36  init.o(.text)
    i.BalanceOutput_Init                     0x08000364   Section        0  balanceoutput.o(i.BalanceOutput_Init)
    i.BalanceOutput_Limit                    0x0800041c   Section        0  balanceoutput.o(i.BalanceOutput_Limit)
    BalanceOutput_Limit                      0x0800041d   Thumb Code    38  balanceoutput.o(i.BalanceOutput_Limit)
    i.BalanceOutput_Set                      0x08000444   Section        0  balanceoutput.o(i.BalanceOutput_Set)
    i.BalanceOutput_SetPulseUs               0x08000484   Section        0  balanceoutput.o(i.BalanceOutput_SetPulseUs)
    BalanceOutput_SetPulseUs                 0x08000485   Thumb Code    30  balanceoutput.o(i.BalanceOutput_SetPulseUs)
    i.BalanceOutput_Stop                     0x080004a8   Section        0  balanceoutput.o(i.BalanceOutput_Stop)
    i.BallPID_Abs                            0x080004bc   Section        0  ballpid.o(i.BallPID_Abs)
    BallPID_Abs                              0x080004bd   Thumb Code    12  ballpid.o(i.BallPID_Abs)
    i.BallPID_Calculate                      0x080004c8   Section        0  ballpid.o(i.BallPID_Calculate)
    i.BallPID_Init                           0x080006b0   Section        0  ballpid.o(i.BallPID_Init)
    i.BallPID_Limit                          0x080006b4   Section        0  ballpid.o(i.BallPID_Limit)
    BallPID_Limit                            0x080006b5   Thumb Code    38  ballpid.o(i.BallPID_Limit)
    i.BallPID_Reset                          0x080006dc   Section        0  ballpid.o(i.BallPID_Reset)
    i.BallTask_Init                          0x080006f4   Section        0  balltask.o(i.BallTask_Init)
    i.BallTask_SetTargetMm                   0x0800071c   Section        0  balltask.o(i.BallTask_SetTargetMm)
    i.BallTask_Start                         0x08000744   Section        0  balltask.o(i.BallTask_Start)
    i.BallTask_Stop                          0x0800077c   Section        0  balltask.o(i.BallTask_Stop)
    i.BallTask_Update10ms                    0x080007a4   Section        0  balltask.o(i.BallTask_Update10ms)
    i.BusFault_Handler                       0x08000804   Section        0  stm32f10x_it.o(i.BusFault_Handler)
    i.CompetitionTask_Abs                    0x08000806   Section        0  competitiontask.o(i.CompetitionTask_Abs)
    CompetitionTask_Abs                      0x08000807   Thumb Code    10  competitiontask.o(i.CompetitionTask_Abs)
    i.CompetitionTask_BallIsStable           0x08000810   Section        0  competitiontask.o(i.CompetitionTask_BallIsStable)
    CompetitionTask_BallIsStable             0x08000811   Thumb Code    30  competitiontask.o(i.CompetitionTask_BallIsStable)
    i.CompetitionTask_FaultStop              0x08000834   Section        0  competitiontask.o(i.CompetitionTask_FaultStop)
    CompetitionTask_FaultStop                0x08000835   Thumb Code    32  competitiontask.o(i.CompetitionTask_FaultStop)
    i.CompetitionTask_Finish                 0x08000858   Section        0  competitiontask.o(i.CompetitionTask_Finish)
    CompetitionTask_Finish                   0x08000859   Thumb Code    28  competitiontask.o(i.CompetitionTask_Finish)
    i.CompetitionTask_GetDistancePulse       0x08000878   Section        0  competitiontask.o(i.CompetitionTask_GetDistancePulse)
    i.CompetitionTask_GetElapsedMs           0x0800087c   Section        0  competitiontask.o(i.CompetitionTask_GetElapsedMs)
    i.CompetitionTask_GetMaximumErrorMm      0x08000898   Section        0  competitiontask.o(i.CompetitionTask_GetMaximumErrorMm)
    i.CompetitionTask_GetPositionMm          0x080008a4   Section        0  competitiontask.o(i.CompetitionTask_GetPositionMm)
    i.CompetitionTask_GetSelected            0x080008a8   Section        0  competitiontask.o(i.CompetitionTask_GetSelected)
    i.CompetitionTask_GetState               0x080008b4   Section        0  competitiontask.o(i.CompetitionTask_GetState)
    i.CompetitionTask_GetTargetMm            0x080008c0   Section        0  competitiontask.o(i.CompetitionTask_GetTargetMm)
    i.CompetitionTask_GetTask3Stage          0x080008cc   Section        0  competitiontask.o(i.CompetitionTask_GetTask3Stage)
    i.CompetitionTask_Init                   0x080008d8   Section        0  competitiontask.o(i.CompetitionTask_Init)
    i.CompetitionTask_IsRunning              0x080008f8   Section        0  competitiontask.o(i.CompetitionTask_IsRunning)
    i.CompetitionTask_SelectNext             0x08000908   Section        0  competitiontask.o(i.CompetitionTask_SelectNext)
    i.CompetitionTask_Start                  0x08000944   Section        0  competitiontask.o(i.CompetitionTask_Start)
    i.CompetitionTask_Stop                   0x080009e4   Section        0  competitiontask.o(i.CompetitionTask_Stop)
    i.CompetitionTask_Update10ms             0x08000a10   Section        0  competitiontask.o(i.CompetitionTask_Update10ms)
    i.CompetitionTask_UpdateLapTask          0x08000a80   Section        0  competitiontask.o(i.CompetitionTask_UpdateLapTask)
    CompetitionTask_UpdateLapTask            0x08000a81   Thumb Code    36  competitiontask.o(i.CompetitionTask_UpdateLapTask)
    i.CompetitionTask_UpdateMaximumError     0x08000aa4   Section        0  competitiontask.o(i.CompetitionTask_UpdateMaximumError)
    CompetitionTask_UpdateMaximumError       0x08000aa5   Thumb Code    30  competitiontask.o(i.CompetitionTask_UpdateMaximumError)
    i.CompetitionTask_UpdateTask3            0x08000ac8   Section        0  competitiontask.o(i.CompetitionTask_UpdateTask3)
    CompetitionTask_UpdateTask3              0x08000ac9   Thumb Code   132  competitiontask.o(i.CompetitionTask_UpdateTask3)
    i.CompetitionTask_UpdateTask4            0x08000b50   Section        0  competitiontask.o(i.CompetitionTask_UpdateTask4)
    CompetitionTask_UpdateTask4              0x08000b51   Thumb Code    66  competitiontask.o(i.CompetitionTask_UpdateTask4)
    i.Control_AbsSpeed                       0x08000b98   Section        0  control.o(i.Control_AbsSpeed)
    Control_AbsSpeed                         0x08000b99   Thumb Code    14  control.o(i.Control_AbsSpeed)
    i.Control_GetDistancePulse               0x08000ba8   Section        0  control.o(i.Control_GetDistancePulse)
    i.Control_Init                           0x08000bb8   Section        0  control.o(i.Control_Init)
    i.Control_LimitFloat                     0x08000be8   Section        0  control.o(i.Control_LimitFloat)
    Control_LimitFloat                       0x08000be9   Thumb Code    38  control.o(i.Control_LimitFloat)
    i.Control_LimitInt16                     0x08000c0e   Section        0  control.o(i.Control_LimitInt16)
    Control_LimitInt16                       0x08000c0f   Thumb Code    16  control.o(i.Control_LimitInt16)
    i.Control_ResetDistance                  0x08000c20   Section        0  control.o(i.Control_ResetDistance)
    i.Control_SetBaseSpeed                   0x08000c30   Section        0  control.o(i.Control_SetBaseSpeed)
    i.Control_SetSpeedPI                     0x08000c44   Section        0  control.o(i.Control_SetSpeedPI)
    i.Control_SetTrackPD                     0x08000c58   Section        0  control.o(i.Control_SetTrackPD)
    i.Control_SpeedPI                        0x08000c6c   Section        0  control.o(i.Control_SpeedPI)
    Control_SpeedPI                          0x08000c6d   Thumb Code    74  control.o(i.Control_SpeedPI)
    i.Control_Start                          0x08000ccc   Section        0  control.o(i.Control_Start)
    i.Control_Stop                           0x08000cec   Section        0  control.o(i.Control_Stop)
    i.Control_Update10ms                     0x08000d08   Section        0  control.o(i.Control_Update10ms)
    i.DebugMon_Handler                       0x08000df8   Section        0  stm32f10x_it.o(i.DebugMon_Handler)
    i.Encoder_GetLeft                        0x08000dfc   Section        0  encoder.o(i.Encoder_GetLeft)
    i.Encoder_GetRight                       0x08000e18   Section        0  encoder.o(i.Encoder_GetRight)
    i.Encoder_Init                           0x08000e34   Section        0  encoder.o(i.Encoder_Init)
    i.GPIO_Init                              0x08000f2c   Section        0  stm32f10x_gpio.o(i.GPIO_Init)
    i.GPIO_ReadInputDataBit                  0x08000fd2   Section        0  stm32f10x_gpio.o(i.GPIO_ReadInputDataBit)
    i.GPIO_ResetBits                         0x08000fe0   Section        0  stm32f10x_gpio.o(i.GPIO_ResetBits)
    i.GPIO_SetBits                           0x08000fe4   Section        0  stm32f10x_gpio.o(i.GPIO_SetBits)
    i.GPIO_WriteBit                          0x08000fe8   Section        0  stm32f10x_gpio.o(i.GPIO_WriteBit)
    i.Gray_GetError                          0x08000ff4   Section        0  gray.o(i.Gray_GetError)
    i.Gray_Init                              0x08001000   Section        0  gray.o(i.Gray_Init)
    i.Gray_IsBlack                           0x0800103c   Section        0  gray.o(i.Gray_IsBlack)
    Gray_IsBlack                             0x0800103d   Thumb Code    18  gray.o(i.Gray_IsBlack)
    i.Gray_Read                              0x08001050   Section        0  gray.o(i.Gray_Read)
    i.HardFault_Handler                      0x0800111c   Section        0  stm32f10x_it.o(i.HardFault_Handler)
    i.Key_GetBallLongPress                   0x08001120   Section        0  key.o(i.Key_GetBallLongPress)
    i.Key_GetBallShortPress                  0x08001134   Section        0  key.o(i.Key_GetBallShortPress)
    i.Key_GetStartPress                      0x08001148   Section        0  key.o(i.Key_GetStartPress)
    i.Key_Init                               0x0800115c   Section        0  key.o(i.Key_Init)
    i.Key_Scan10ms                           0x08001188   Section        0  key.o(i.Key_Scan10ms)
    i.LapTime_GetBlackCount                  0x08001234   Section        0  laptime.o(i.LapTime_GetBlackCount)
    LapTime_GetBlackCount                    0x08001235   Thumb Code    28  laptime.o(i.LapTime_GetBlackCount)
    i.LapTime_GetElapsedMs                   0x08001254   Section        0  laptime.o(i.LapTime_GetElapsedMs)
    i.LapTime_Init                           0x08001264   Section        0  laptime.o(i.LapTime_Init)
    i.LapTime_IsFinishLine                   0x0800127c   Section        0  laptime.o(i.LapTime_IsFinishLine)
    LapTime_IsFinishLine                     0x0800127d   Thumb Code    18  laptime.o(i.LapTime_IsFinishLine)
    i.LapTime_IsFinished                     0x08001290   Section        0  laptime.o(i.LapTime_IsFinished)
    i.LapTime_Start                          0x0800129c   Section        0  laptime.o(i.LapTime_Start)
    i.LapTime_Stop                           0x080012b4   Section        0  laptime.o(i.LapTime_Stop)
    i.LapTime_Update10ms                     0x080012c0   Section        0  laptime.o(i.LapTime_Update10ms)
    i.Main_AbsInt16                          0x08001330   Section        0  main.o(i.Main_AbsInt16)
    Main_AbsInt16                            0x08001331   Thumb Code    10  main.o(i.Main_AbsInt16)
    i.MaixCAM_GetPositionMm                  0x0800133c   Section        0  maixcam.o(i.MaixCAM_GetPositionMm)
    i.MaixCAM_Init                           0x08001348   Section        0  maixcam.o(i.MaixCAM_Init)
    i.MaixCAM_IsBallValid                    0x08001410   Section        0  maixcam.o(i.MaixCAM_IsBallValid)
    i.MaixCAM_IsOnline                       0x0800141c   Section        0  maixcam.o(i.MaixCAM_IsOnline)
    i.MaixCAM_ParseFrame                     0x08001440   Section        0  maixcam.o(i.MaixCAM_ParseFrame)
    MaixCAM_ParseFrame                       0x08001441   Thumb Code   142  maixcam.o(i.MaixCAM_ParseFrame)
    i.MaixCAM_ParseNumber                    0x080014d4   Section        0  maixcam.o(i.MaixCAM_ParseNumber)
    MaixCAM_ParseNumber                      0x080014d5   Thumb Code    94  maixcam.o(i.MaixCAM_ParseNumber)
    i.MaixCAM_RxIRQHandler                   0x08001534   Section        0  maixcam.o(i.MaixCAM_RxIRQHandler)
    i.MemManage_Handler                      0x080015ac   Section        0  stm32f10x_it.o(i.MemManage_Handler)
    i.Motor_Brake                            0x080015b0   Section        0  motor.o(i.Motor_Brake)
    i.Motor_Init                             0x080015e4   Section        0  motor.o(i.Motor_Init)
    i.Motor_Limit                            0x080016cc   Section        0  motor.o(i.Motor_Limit)
    Motor_Limit                              0x080016cd   Thumb Code    22  motor.o(i.Motor_Limit)
    i.Motor_SetLeft                          0x080016e8   Section        0  motor.o(i.Motor_SetLeft)
    i.Motor_SetRight                         0x08001754   Section        0  motor.o(i.Motor_SetRight)
    i.Motor_SetSpeed                         0x080017c0   Section        0  motor.o(i.Motor_SetSpeed)
    i.Motor_Stop                             0x080017d2   Section        0  motor.o(i.Motor_Stop)
    i.NMI_Handler                            0x080017da   Section        0  stm32f10x_it.o(i.NMI_Handler)
    i.NVIC_Init                              0x080017dc   Section        0  misc.o(i.NVIC_Init)
    i.NVIC_SetPriority                       0x08001840   Section        0  timer.o(i.NVIC_SetPriority)
    NVIC_SetPriority                         0x08001841   Thumb Code    32  timer.o(i.NVIC_SetPriority)
    i.OLED_Clear                             0x08001860   Section        0  oled.o(i.OLED_Clear)
    i.OLED_I2C_Init                          0x08001888   Section        0  oled.o(i.OLED_I2C_Init)
    i.OLED_I2C_SendByte                      0x080018d8   Section        0  oled.o(i.OLED_I2C_SendByte)
    i.OLED_I2C_Start                         0x0800193c   Section        0  oled.o(i.OLED_I2C_Start)
    i.OLED_I2C_Stop                          0x08001974   Section        0  oled.o(i.OLED_I2C_Stop)
    i.OLED_Init                              0x080019a4   Section        0  oled.o(i.OLED_Init)
    i.OLED_Pow                               0x08001a50   Section        0  oled.o(i.OLED_Pow)
    i.OLED_SetCursor                         0x08001a60   Section        0  oled.o(i.OLED_SetCursor)
    i.OLED_ShowChar                          0x08001a84   Section        0  oled.o(i.OLED_ShowChar)
    i.OLED_ShowCompetitionTask               0x08001adc   Section        0  main.o(i.OLED_ShowCompetitionTask)
    OLED_ShowCompetitionTask                 0x08001add   Thumb Code   392  main.o(i.OLED_ShowCompetitionTask)
    i.OLED_ShowCompetitionTime               0x08001d34   Section        0  main.o(i.OLED_ShowCompetitionTime)
    OLED_ShowCompetitionTime                 0x08001d35   Thumb Code    20  main.o(i.OLED_ShowCompetitionTime)
    i.OLED_ShowNum                           0x08001d48   Section        0  oled.o(i.OLED_ShowNum)
    i.OLED_ShowSignedMm                      0x08001d88   Section        0  main.o(i.OLED_ShowSignedMm)
    OLED_ShowSignedMm                        0x08001d89   Thumb Code    58  main.o(i.OLED_ShowSignedMm)
    i.OLED_ShowString                        0x08001dc2   Section        0  oled.o(i.OLED_ShowString)
    i.OLED_ShowTask2                         0x08001de8   Section        0  main.o(i.OLED_ShowTask2)
    OLED_ShowTask2                           0x08001de9   Thumb Code   188  main.o(i.OLED_ShowTask2)
    i.OLED_ShowTime                          0x08001f00   Section        0  main.o(i.OLED_ShowTime)
    OLED_ShowTime                            0x08001f01   Thumb Code   112  main.o(i.OLED_ShowTime)
    i.OLED_WriteCommand                      0x08001f70   Section        0  oled.o(i.OLED_WriteCommand)
    i.OLED_WriteData                         0x08001f92   Section        0  oled.o(i.OLED_WriteData)
    i.PendSV_Handler                         0x08001fb4   Section        0  stm32f10x_it.o(i.PendSV_Handler)
    i.RCC_APB1PeriphClockCmd                 0x08001fb8   Section        0  stm32f10x_rcc.o(i.RCC_APB1PeriphClockCmd)
    i.RCC_APB2PeriphClockCmd                 0x08001fd4   Section        0  stm32f10x_rcc.o(i.RCC_APB2PeriphClockCmd)
    i.RCC_GetClocksFreq                      0x08001ff0   Section        0  stm32f10x_rcc.o(i.RCC_GetClocksFreq)
    i.SVC_Handler                            0x0800209c   Section        0  stm32f10x_it.o(i.SVC_Handler)
    i.SetSysClock                            0x0800209e   Section        0  system_stm32f10x.o(i.SetSysClock)
    SetSysClock                              0x0800209f   Thumb Code     4  system_stm32f10x.o(i.SetSysClock)
    i.SetSysClockTo72                        0x080020a4   Section        0  system_stm32f10x.o(i.SetSysClockTo72)
    SetSysClockTo72                          0x080020a5   Thumb Code   166  system_stm32f10x.o(i.SetSysClockTo72)
    i.SysTick_Handler                        0x08002154   Section        0  stm32f10x_it.o(i.SysTick_Handler)
    i.SystemCoreClockUpdate                  0x08002158   Section        0  system_stm32f10x.o(i.SystemCoreClockUpdate)
    i.SystemInit                             0x080021d4   Section        0  system_stm32f10x.o(i.SystemInit)
    i.TI1_Config                             0x08002224   Section        0  stm32f10x_tim.o(i.TI1_Config)
    TI1_Config                               0x08002225   Thumb Code    94  stm32f10x_tim.o(i.TI1_Config)
    i.TI2_Config                             0x08002298   Section        0  stm32f10x_tim.o(i.TI2_Config)
    TI2_Config                               0x08002299   Thumb Code   102  stm32f10x_tim.o(i.TI2_Config)
    i.TI3_Config                             0x08002314   Section        0  stm32f10x_tim.o(i.TI3_Config)
    TI3_Config                               0x08002315   Thumb Code    98  stm32f10x_tim.o(i.TI3_Config)
    i.TI4_Config                             0x0800238c   Section        0  stm32f10x_tim.o(i.TI4_Config)
    TI4_Config                               0x0800238d   Thumb Code   102  stm32f10x_tim.o(i.TI4_Config)
    i.TIM_ARRPreloadConfig                   0x08002408   Section        0  stm32f10x_tim.o(i.TIM_ARRPreloadConfig)
    i.TIM_Cmd                                0x08002420   Section        0  stm32f10x_tim.o(i.TIM_Cmd)
    i.TIM_CtrlPWMOutputs                     0x08002438   Section        0  stm32f10x_tim.o(i.TIM_CtrlPWMOutputs)
    i.TIM_EncoderInterfaceConfig             0x08002454   Section        0  stm32f10x_tim.o(i.TIM_EncoderInterfaceConfig)
    i.TIM_GetCounter                         0x08002486   Section        0  stm32f10x_tim.o(i.TIM_GetCounter)
    i.TIM_ICInit                             0x0800248c   Section        0  stm32f10x_tim.o(i.TIM_ICInit)
    i.TIM_ICStructInit                       0x08002518   Section        0  stm32f10x_tim.o(i.TIM_ICStructInit)
    i.TIM_OC1Init                            0x08002528   Section        0  stm32f10x_tim.o(i.TIM_OC1Init)
    i.TIM_OC1PreloadConfig                   0x080025b0   Section        0  stm32f10x_tim.o(i.TIM_OC1PreloadConfig)
    i.TIM_OC2Init                            0x080025bc   Section        0  stm32f10x_tim.o(i.TIM_OC2Init)
    i.TIM_OC2PreloadConfig                   0x08002644   Section        0  stm32f10x_tim.o(i.TIM_OC2PreloadConfig)
    i.TIM_OCStructInit                       0x08002658   Section        0  stm32f10x_tim.o(i.TIM_OCStructInit)
    i.TIM_SetCompare1                        0x0800266c   Section        0  stm32f10x_tim.o(i.TIM_SetCompare1)
    i.TIM_SetCompare2                        0x08002670   Section        0  stm32f10x_tim.o(i.TIM_SetCompare2)
    i.TIM_SetCounter                         0x08002674   Section        0  stm32f10x_tim.o(i.TIM_SetCounter)
    i.TIM_SetIC1Prescaler                    0x08002678   Section        0  stm32f10x_tim.o(i.TIM_SetIC1Prescaler)
    i.TIM_SetIC2Prescaler                    0x08002688   Section        0  stm32f10x_tim.o(i.TIM_SetIC2Prescaler)
    i.TIM_SetIC3Prescaler                    0x080026a0   Section        0  stm32f10x_tim.o(i.TIM_SetIC3Prescaler)
    i.TIM_SetIC4Prescaler                    0x080026b0   Section        0  stm32f10x_tim.o(i.TIM_SetIC4Prescaler)
    i.TIM_TimeBaseInit                       0x080026c8   Section        0  stm32f10x_tim.o(i.TIM_TimeBaseInit)
    i.TIM_TimeBaseStructInit                 0x08002764   Section        0  stm32f10x_tim.o(i.TIM_TimeBaseStructInit)
    i.Task2_AutoFinish                       0x08002778   Section        0  main.o(i.Task2_AutoFinish)
    Task2_AutoFinish                         0x08002779   Thumb Code    34  main.o(i.Task2_AutoFinish)
    i.Task2_ManualStop                       0x080027a0   Section        0  main.o(i.Task2_ManualStop)
    Task2_ManualStop                         0x080027a1   Thumb Code    32  main.o(i.Task2_ManualStop)
    i.Task2_Start                            0x080027c4   Section        0  main.o(i.Task2_Start)
    Task2_Start                              0x080027c5   Thumb Code    36  main.o(i.Task2_Start)
    i.Timer_GetMillis                        0x080027ec   Section        0  timer.o(i.Timer_GetMillis)
    i.Timer_Init                             0x080027f8   Section        0  timer.o(i.Timer_Init)
    i.Timer_SysTickISR                       0x0800284c   Section        0  timer.o(i.Timer_SysTickISR)
    i.USART1_IRQHandler                      0x08002884   Section        0  stm32f10x_it.o(i.USART1_IRQHandler)
    i.USART_ClearFlag                        0x08002888   Section        0  stm32f10x_usart.o(i.USART_ClearFlag)
    i.USART_Cmd                              0x08002890   Section        0  stm32f10x_usart.o(i.USART_Cmd)
    i.USART_GetITStatus                      0x080028a8   Section        0  stm32f10x_usart.o(i.USART_GetITStatus)
    i.USART_ITConfig                         0x080028e8   Section        0  stm32f10x_usart.o(i.USART_ITConfig)
    i.USART_Init                             0x08002920   Section        0  stm32f10x_usart.o(i.USART_Init)
    i.USART_ReceiveData                      0x080029dc   Section        0  stm32f10x_usart.o(i.USART_ReceiveData)
    i.USART_StructInit                       0x080029e4   Section        0  stm32f10x_usart.o(i.USART_StructInit)
    i.UsageFault_Handler                     0x080029fa   Section        0  stm32f10x_it.o(i.UsageFault_Handler)
    i.__scatterload_copy                     0x080029fc   Section       14  handlers.o(i.__scatterload_copy)
    i.__scatterload_null                     0x08002a0a   Section        2  handlers.o(i.__scatterload_null)
    i.__scatterload_zeroinit                 0x08002a0c   Section       14  handlers.o(i.__scatterload_zeroinit)
    i.main                                   0x08002a1c   Section        0  main.o(i.main)
    .constdata                               0x08002b1c   Section     1520  oled.o(.constdata)
    .data                                    0x20000000   Section       20  system_stm32f10x.o(.data)
    .data                                    0x20000014   Section       20  stm32f10x_rcc.o(.data)
    ADCPrescTable                            0x20000014   Data           4  stm32f10x_rcc.o(.data)
    APBAHBPrescTable                         0x20000018   Data          16  stm32f10x_rcc.o(.data)
    .data                                    0x20000028   Section       12  key.o(.data)
    Key_StartPress                           0x20000028   Data           1  key.o(.data)
    Key_BallShortPress                       0x20000029   Data           1  key.o(.data)
    Key_BallLongPress                        0x2000002a   Data           1  key.o(.data)
    Key_LastState                            0x2000002b   Data           1  key.o(.data)
    Key_StableState                          0x2000002c   Data           1  key.o(.data)
    Key_DebounceCount                        0x2000002d   Data           1  key.o(.data)
    Key_BallLastState                        0x2000002e   Data           1  key.o(.data)
    Key_BallStableState                      0x2000002f   Data           1  key.o(.data)
    Key_BallDebounceCount                    0x20000030   Data           1  key.o(.data)
    Key_BallLongSent                         0x20000031   Data           1  key.o(.data)
    Key_BallHoldCount                        0x20000032   Data           2  key.o(.data)
    .data                                    0x20000034   Section       52  control.o(.data)
    Control_Running                          0x20000034   Data           1  control.o(.data)
    Control_BaseSpeed                        0x20000042   Data           2  control.o(.data)
    Control_CurrentBaseSpeed                 0x20000044   Data           2  control.o(.data)
    Track_LastError                          0x20000046   Data           2  control.o(.data)
    Speed_Kp                                 0x20000048   Data           4  control.o(.data)
    Speed_Ki                                 0x2000004c   Data           4  control.o(.data)
    Track_Kp                                 0x20000050   Data           4  control.o(.data)
    Track_Kd                                 0x20000054   Data           4  control.o(.data)
    Left_Integral                            0x20000058   Data           4  control.o(.data)
    Right_Integral                           0x2000005c   Data           4  control.o(.data)
    LeftDistancePulse                        0x20000060   Data           4  control.o(.data)
    RightDistancePulse                       0x20000064   Data           4  control.o(.data)
    .data                                    0x20000068   Section        8  timer.o(.data)
    Timer_Count10ms                          0x20000068   Data           1  timer.o(.data)
    Timer_Millis                             0x2000006c   Data           4  timer.o(.data)
    .data                                    0x20000070   Section        6  gray.o(.data)
    Gray_LastError                           0x20000074   Data           2  gray.o(.data)
    .data                                    0x20000078   Section       12  laptime.o(.data)
    LapTime_Running                          0x20000078   Data           1  laptime.o(.data)
    LapTime_Finished                         0x20000079   Data           1  laptime.o(.data)
    LapTime_LeftStart                        0x2000007a   Data           1  laptime.o(.data)
    LeaveLine_Count                          0x2000007b   Data           1  laptime.o(.data)
    FinishLine_Count                         0x2000007c   Data           1  laptime.o(.data)
    LapTime_10ms                             0x20000080   Data           4  laptime.o(.data)
    .data                                    0x20000084   Section       20  maixcam.o(.data)
    RxIndex                                  0x20000084   Data           1  maixcam.o(.data)
    BallValid                                0x20000085   Data           1  maixcam.o(.data)
    BallPositionMm                           0x20000086   Data           2  maixcam.o(.data)
    LastFrameMs                              0x20000088   Data           4  maixcam.o(.data)
    RxByteCount                              0x2000008c   Data           4  maixcam.o(.data)
    ValidFrameCount                          0x20000090   Data           4  maixcam.o(.data)
    ErrorFrameCount                          0x20000094   Data           4  maixcam.o(.data)
    .data                                    0x20000098   Section       32  ballpid.o(.data)
    FirstCalculate                           0x20000098   Data           1  ballpid.o(.data)
    Kp                                       0x2000009c   Data           4  ballpid.o(.data)
    Ki                                       0x200000a0   Data           4  ballpid.o(.data)
    Kd                                       0x200000a4   Data           4  ballpid.o(.data)
    Integral                                 0x200000a8   Data           4  ballpid.o(.data)
    FilteredPosition                         0x200000ac   Data           4  ballpid.o(.data)
    LastPosition                             0x200000b0   Data           4  ballpid.o(.data)
    FilteredSpeed                            0x200000b4   Data           4  ballpid.o(.data)
    .data                                    0x200000b8   Section        4  balanceoutput.o(.data)
    LastOutput                               0x200000b8   Data           4  balanceoutput.o(.data)
    .data                                    0x200000bc   Section       24  balltask.o(.data)
    Selected                                 0x200000bc   Data           1  balltask.o(.data)
    Running                                  0x200000bd   Data           1  balltask.o(.data)
    Fault                                    0x200000be   Data           1  balltask.o(.data)
    Stage3                                   0x200000bf   Data           1  balltask.o(.data)
    Task6TargetMm                            0x200000c0   Data           2  balltask.o(.data)
    TargetMm                                 0x200000c2   Data           2  balltask.o(.data)
    StageStableMs                            0x200000c4   Data           2  balltask.o(.data)
    StartMs                                  0x200000c8   Data           4  balltask.o(.data)
    ElapsedMs                                0x200000cc   Data           4  balltask.o(.data)
    LostStartMs                              0x200000d0   Data           4  balltask.o(.data)
    .data                                    0x200000d4   Section       24  competitiontask.o(.data)
    Selected                                 0x200000d4   Data           1  competitiontask.o(.data)
    State                                    0x200000d5   Data           1  competitiontask.o(.data)
    Task3Stage                               0x200000d6   Data           1  competitiontask.o(.data)
    TargetMm                                 0x200000d8   Data           2  competitiontask.o(.data)
    MaximumErrorMm                           0x200000da   Data           2  competitiontask.o(.data)
    StableCounter                            0x200000dc   Data           2  competitiontask.o(.data)
    StartMs                                  0x200000e0   Data           4  competitiontask.o(.data)
    FrozenElapsedMs                          0x200000e4   Data           4  competitiontask.o(.data)
    LostStartMs                              0x200000e8   Data           4  competitiontask.o(.data)
    .data                                    0x200000ec   Section        8  main.o(.data)
    Task2_Running                            0x200000ec   Data           1  main.o(.data)
    Task2_Finished                           0x200000ed   Data           1  main.o(.data)
    Task2_FinalTimeMs                        0x200000f0   Data           4  main.o(.data)
    .bss                                     0x200000f4   Section       32  maixcam.o(.bss)
    RxBuffer                                 0x200000f4   Data          32  maixcam.o(.bss)
    STACK                                    0x20000118   Section     1024  startup_stm32f10x_md.o(STACK)

    Global Symbols

    Symbol Name                              Value     Ov Type        Size  Object(Section)

    BuildAttributes$$THM_ISAv4$P$D$K$B$S$PE$A:L22UL41UL21$X:L11$S22US41US21$IEEE1$IW$USESV6$~STKCKD$USESV7$~SHL$OTIME$ROPI$EBA8$MICROLIB$REQ8$PRES8$EABIv2 0x00000000   Number         0  anon$$obj.o ABSOLUTE
    __ARM_use_no_argv                        0x00000000   Number         0  main.o ABSOLUTE
    __arm_fini_                               - Undefined Weak Reference
    __cpp_initialize__aeabi_                  - Undefined Weak Reference
    __cxa_finalize                            - Undefined Weak Reference
    __decompress                              - Undefined Weak Reference
    _clock_init                               - Undefined Weak Reference
    _microlib_exit                            - Undefined Weak Reference
    __Vectors_Size                           0x000000ec   Number         0  startup_stm32f10x_md.o ABSOLUTE
    __Vectors                                0x08000000   Data           4  startup_stm32f10x_md.o(RESET)
    __Vectors_End                            0x080000ec   Data           0  startup_stm32f10x_md.o(RESET)
    __main                                   0x080000ed   Thumb Code     0  entry.o(.ARM.Collect$$$$00000000)
    _main_stk                                0x080000ed   Thumb Code     0  entry2.o(.ARM.Collect$$$$00000001)
    _main_scatterload                        0x080000f1   Thumb Code     0  entry5.o(.ARM.Collect$$$$00000004)
    __main_after_scatterload                 0x080000f5   Thumb Code     0  entry5.o(.ARM.Collect$$$$00000004)
    _main_clock                              0x080000f5   Thumb Code     0  entry7b.o(.ARM.Collect$$$$00000008)
    _main_cpp_init                           0x080000f5   Thumb Code     0  entry8b.o(.ARM.Collect$$$$0000000A)
    _main_init                               0x080000f5   Thumb Code     0  entry9a.o(.ARM.Collect$$$$0000000B)
    __rt_lib_shutdown_fini                   0x080000fd   Thumb Code     0  entry12b.o(.ARM.Collect$$$$0000000E)
    __rt_final_cpp                           0x08000101   Thumb Code     0  entry10a.o(.ARM.Collect$$$$0000000F)
    __rt_final_exit                          0x08000101   Thumb Code     0  entry11a.o(.ARM.Collect$$$$00000011)
    Reset_Handler                            0x08000105   Thumb Code     8  startup_stm32f10x_md.o(.text)
    ADC1_2_IRQHandler                        0x0800011f   Thumb Code     0  startup_stm32f10x_md.o(.text)
    CAN1_RX1_IRQHandler                      0x0800011f   Thumb Code     0  startup_stm32f10x_md.o(.text)
    CAN1_SCE_IRQHandler                      0x0800011f   Thumb Code     0  startup_stm32f10x_md.o(.text)
    DMA1_Channel1_IRQHandler                 0x0800011f   Thumb Code     0  startup_stm32f10x_md.o(.text)
    DMA1_Channel2_IRQHandler                 0x0800011f   Thumb Code     0  startup_stm32f10x_md.o(.text)
    DMA1_Channel3_IRQHandler                 0x0800011f   Thumb Code     0  startup_stm32f10x_md.o(.text)
    DMA1_Channel4_IRQHandler                 0x0800011f   Thumb Code     0  startup_stm32f10x_md.o(.text)
    DMA1_Channel5_IRQHandler                 0x0800011f   Thumb Code     0  startup_stm32f10x_md.o(.text)
    DMA1_Channel6_IRQHandler                 0x0800011f   Thumb Code     0  startup_stm32f10x_md.o(.text)
    DMA1_Channel7_IRQHandler                 0x0800011f   Thumb Code     0  startup_stm32f10x_md.o(.text)
    EXTI0_IRQHandler                         0x0800011f   Thumb Code     0  startup_stm32f10x_md.o(.text)
    EXTI15_10_IRQHandler                     0x0800011f   Thumb Code     0  startup_stm32f10x_md.o(.text)
    EXTI1_IRQHandler                         0x0800011f   Thumb Code     0  startup_stm32f10x_md.o(.text)
    EXTI2_IRQHandler                         0x0800011f   Thumb Code     0  startup_stm32f10x_md.o(.text)
    EXTI3_IRQHandler                         0x0800011f   Thumb Code     0  startup_stm32f10x_md.o(.text)
    EXTI4_IRQHandler                         0x0800011f   Thumb Code     0  startup_stm32f10x_md.o(.text)
    EXTI9_5_IRQHandler                       0x0800011f   Thumb Code     0  startup_stm32f10x_md.o(.text)
    FLASH_IRQHandler                         0x0800011f   Thumb Code     0  startup_stm32f10x_md.o(.text)
    I2C1_ER_IRQHandler                       0x0800011f   Thumb Code     0  startup_stm32f10x_md.o(.text)
    I2C1_EV_IRQHandler                       0x0800011f   Thumb Code     0  startup_stm32f10x_md.o(.text)
    I2C2_ER_IRQHandler                       0x0800011f   Thumb Code     0  startup_stm32f10x_md.o(.text)
    I2C2_EV_IRQHandler                       0x0800011f   Thumb Code     0  startup_stm32f10x_md.o(.text)
    PVD_IRQHandler                           0x0800011f   Thumb Code     0  startup_stm32f10x_md.o(.text)
    RCC_IRQHandler                           0x0800011f   Thumb Code     0  startup_stm32f10x_md.o(.text)
    RTCAlarm_IRQHandler                      0x0800011f   Thumb Code     0  startup_stm32f10x_md.o(.text)
    RTC_IRQHandler                           0x0800011f   Thumb Code     0  startup_stm32f10x_md.o(.text)
    SPI1_IRQHandler                          0x0800011f   Thumb Code     0  startup_stm32f10x_md.o(.text)
    SPI2_IRQHandler                          0x0800011f   Thumb Code     0  startup_stm32f10x_md.o(.text)
    TAMPER_IRQHandler                        0x0800011f   Thumb Code     0  startup_stm32f10x_md.o(.text)
    TIM1_BRK_IRQHandler                      0x0800011f   Thumb Code     0  startup_stm32f10x_md.o(.text)
    TIM1_CC_IRQHandler                       0x0800011f   Thumb Code     0  startup_stm32f10x_md.o(.text)
    TIM1_TRG_COM_IRQHandler                  0x0800011f   Thumb Code     0  startup_stm32f10x_md.o(.text)
    TIM1_UP_IRQHandler                       0x0800011f   Thumb Code     0  startup_stm32f10x_md.o(.text)
    TIM2_IRQHandler                          0x0800011f   Thumb Code     0  startup_stm32f10x_md.o(.text)
    TIM3_IRQHandler                          0x0800011f   Thumb Code     0  startup_stm32f10x_md.o(.text)
    TIM4_IRQHandler                          0x0800011f   Thumb Code     0  startup_stm32f10x_md.o(.text)
    USART2_IRQHandler                        0x0800011f   Thumb Code     0  startup_stm32f10x_md.o(.text)
    USART3_IRQHandler                        0x0800011f   Thumb Code     0  startup_stm32f10x_md.o(.text)
    USBWakeUp_IRQHandler                     0x0800011f   Thumb Code     0  startup_stm32f10x_md.o(.text)
    USB_HP_CAN1_TX_IRQHandler                0x0800011f   Thumb Code     0  startup_stm32f10x_md.o(.text)
    USB_LP_CAN1_RX0_IRQHandler               0x0800011f   Thumb Code     0  startup_stm32f10x_md.o(.text)
    WWDG_IRQHandler                          0x0800011f   Thumb Code     0  startup_stm32f10x_md.o(.text)
    __aeabi_fadd                             0x08000129   Thumb Code   164  fadd.o(.text)
    __aeabi_fsub                             0x080001cd   Thumb Code     6  fadd.o(.text)
    __aeabi_frsub                            0x080001d3   Thumb Code     6  fadd.o(.text)
    __aeabi_fmul                             0x080001d9   Thumb Code   100  fmul.o(.text)
    __aeabi_i2f                              0x0800023d   Thumb Code    18  fflti.o(.text)
    __aeabi_f2iz                             0x0800024f   Thumb Code    50  ffixi.o(.text)
    __aeabi_f2uiz                            0x08000281   Thumb Code    40  ffixui.o(.text)
    __aeabi_cfcmpeq                          0x080002a9   Thumb Code     0  cfcmple.o(.text)
    __aeabi_cfcmple                          0x080002a9   Thumb Code    20  cfcmple.o(.text)
    __aeabi_cfrcmple                         0x080002bd   Thumb Code    20  cfrcmple.o(.text)
    __I$use$fp                               0x080002d1   Thumb Code     0  iusefp.o(.text)
    _float_round                             0x080002d1   Thumb Code    18  fepilogue.o(.text)
    _float_epilogue                          0x080002e3   Thumb Code    92  fepilogue.o(.text)
    __scatterload                            0x08000341   Thumb Code    28  init.o(.text)
    __scatterload_rt2                        0x08000341   Thumb Code     0  init.o(.text)
    BalanceOutput_Init                       0x08000365   Thumb Code   170  balanceoutput.o(i.BalanceOutput_Init)
    BalanceOutput_Set                        0x08000445   Thumb Code    42  balanceoutput.o(i.BalanceOutput_Set)
    BalanceOutput_Stop                       0x080004a9   Thumb Code    14  balanceoutput.o(i.BalanceOutput_Stop)
    BallPID_Calculate                        0x080004c9   Thumb Code   394  ballpid.o(i.BallPID_Calculate)
    BallPID_Init                             0x080006b1   Thumb Code     4  ballpid.o(i.BallPID_Init)
    BallPID_Reset                            0x080006dd   Thumb Code    18  ballpid.o(i.BallPID_Reset)
    BallTask_Init                            0x080006f5   Thumb Code    34  balltask.o(i.BallTask_Init)
    BallTask_SetTargetMm                     0x0800071d   Thumb Code    36  balltask.o(i.BallTask_SetTargetMm)
    BallTask_Start                           0x08000745   Thumb Code    50  balltask.o(i.BallTask_Start)
    BallTask_Stop                            0x0800077d   Thumb Code    36  balltask.o(i.BallTask_Stop)
    BallTask_Update10ms                      0x080007a5   Thumb Code    90  balltask.o(i.BallTask_Update10ms)
    BusFault_Handler                         0x08000805   Thumb Code     2  stm32f10x_it.o(i.BusFault_Handler)
    CompetitionTask_GetDistancePulse         0x08000879   Thumb Code     4  competitiontask.o(i.CompetitionTask_GetDistancePulse)
    CompetitionTask_GetElapsedMs             0x0800087d   Thumb Code    24  competitiontask.o(i.CompetitionTask_GetElapsedMs)
    CompetitionTask_GetMaximumErrorMm        0x08000899   Thumb Code     8  competitiontask.o(i.CompetitionTask_GetMaximumErrorMm)
    CompetitionTask_GetPositionMm            0x080008a5   Thumb Code     4  competitiontask.o(i.CompetitionTask_GetPositionMm)
    CompetitionTask_GetSelected              0x080008a9   Thumb Code     6  competitiontask.o(i.CompetitionTask_GetSelected)
    CompetitionTask_GetState                 0x080008b5   Thumb Code     6  competitiontask.o(i.CompetitionTask_GetState)
    CompetitionTask_GetTargetMm              0x080008c1   Thumb Code     8  competitiontask.o(i.CompetitionTask_GetTargetMm)
    CompetitionTask_GetTask3Stage            0x080008cd   Thumb Code     6  competitiontask.o(i.CompetitionTask_GetTask3Stage)
    CompetitionTask_Init                     0x080008d9   Thumb Code    26  competitiontask.o(i.CompetitionTask_Init)
    CompetitionTask_IsRunning                0x080008f9   Thumb Code    12  competitiontask.o(i.CompetitionTask_IsRunning)
    CompetitionTask_SelectNext               0x08000909   Thumb Code    56  competitiontask.o(i.CompetitionTask_SelectNext)
    CompetitionTask_Start                    0x08000945   Thumb Code   156  competitiontask.o(i.CompetitionTask_Start)
    CompetitionTask_Stop                     0x080009e5   Thumb Code    38  competitiontask.o(i.CompetitionTask_Stop)
    CompetitionTask_Update10ms               0x08000a11   Thumb Code   108  competitiontask.o(i.CompetitionTask_Update10ms)
    Control_GetDistancePulse                 0x08000ba9   Thumb Code    12  control.o(i.Control_GetDistancePulse)
    Control_Init                             0x08000bb9   Thumb Code    44  control.o(i.Control_Init)
    Control_ResetDistance                    0x08000c21   Thumb Code    10  control.o(i.Control_ResetDistance)
    Control_SetBaseSpeed                     0x08000c31   Thumb Code    16  control.o(i.Control_SetBaseSpeed)
    Control_SetSpeedPI                       0x08000c45   Thumb Code    14  control.o(i.Control_SetSpeedPI)
    Control_SetTrackPD                       0x08000c59   Thumb Code    16  control.o(i.Control_SetTrackPD)
    Control_Start                            0x08000ccd   Thumb Code    28  control.o(i.Control_Start)
    Control_Stop                             0x08000ced   Thumb Code    24  control.o(i.Control_Stop)
    Control_Update10ms                       0x08000d09   Thumb Code   234  control.o(i.Control_Update10ms)
    DebugMon_Handler                         0x08000df9   Thumb Code     2  stm32f10x_it.o(i.DebugMon_Handler)
    Encoder_GetLeft                          0x08000dfd   Thumb Code    24  encoder.o(i.Encoder_GetLeft)
    Encoder_GetRight                         0x08000e19   Thumb Code    24  encoder.o(i.Encoder_GetRight)
    Encoder_Init                             0x08000e35   Thumb Code   232  encoder.o(i.Encoder_Init)
    GPIO_Init                                0x08000f2d   Thumb Code   166  stm32f10x_gpio.o(i.GPIO_Init)
    GPIO_ReadInputDataBit                    0x08000fd3   Thumb Code    14  stm32f10x_gpio.o(i.GPIO_ReadInputDataBit)
    GPIO_ResetBits                           0x08000fe1   Thumb Code     4  stm32f10x_gpio.o(i.GPIO_ResetBits)
    GPIO_SetBits                             0x08000fe5   Thumb Code     4  stm32f10x_gpio.o(i.GPIO_SetBits)
    GPIO_WriteBit                            0x08000fe9   Thumb Code    12  stm32f10x_gpio.o(i.GPIO_WriteBit)
    Gray_GetError                            0x08000ff5   Thumb Code     8  gray.o(i.Gray_GetError)
    Gray_Init                                0x08001001   Thumb Code    52  gray.o(i.Gray_Init)
    Gray_Read                                0x08001051   Thumb Code   190  gray.o(i.Gray_Read)
    HardFault_Handler                        0x0800111d   Thumb Code     2  stm32f10x_it.o(i.HardFault_Handler)
    Key_GetBallLongPress                     0x08001121   Thumb Code    14  key.o(i.Key_GetBallLongPress)
    Key_GetBallShortPress                    0x08001135   Thumb Code    14  key.o(i.Key_GetBallShortPress)
    Key_GetStartPress                        0x08001149   Thumb Code    14  key.o(i.Key_GetStartPress)
    Key_Init                                 0x0800115d   Thumb Code    40  key.o(i.Key_Init)
    Key_Scan10ms                             0x08001189   Thumb Code   162  key.o(i.Key_Scan10ms)
    LapTime_GetElapsedMs                     0x08001255   Thumb Code    12  laptime.o(i.LapTime_GetElapsedMs)
    LapTime_Init                             0x08001265   Thumb Code    18  laptime.o(i.LapTime_Init)
    LapTime_IsFinished                       0x08001291   Thumb Code     6  laptime.o(i.LapTime_IsFinished)
    LapTime_Start                            0x0800129d   Thumb Code    20  laptime.o(i.LapTime_Start)
    LapTime_Stop                             0x080012b5   Thumb Code     8  laptime.o(i.LapTime_Stop)
    LapTime_Update10ms                       0x080012c1   Thumb Code   106  laptime.o(i.LapTime_Update10ms)
    MaixCAM_GetPositionMm                    0x0800133d   Thumb Code     8  maixcam.o(i.MaixCAM_GetPositionMm)
    MaixCAM_Init                             0x08001349   Thumb Code   188  maixcam.o(i.MaixCAM_Init)
    MaixCAM_IsBallValid                      0x08001411   Thumb Code     6  maixcam.o(i.MaixCAM_IsBallValid)
    MaixCAM_IsOnline                         0x0800141d   Thumb Code    30  maixcam.o(i.MaixCAM_IsOnline)
    MaixCAM_RxIRQHandler                     0x08001535   Thumb Code   108  maixcam.o(i.MaixCAM_RxIRQHandler)
    MemManage_Handler                        0x080015ad   Thumb Code     2  stm32f10x_it.o(i.MemManage_Handler)
    Motor_Brake                              0x080015b1   Thumb Code    44  motor.o(i.Motor_Brake)
    Motor_Init                               0x080015e5   Thumb Code   222  motor.o(i.Motor_Init)
    Motor_SetLeft                            0x080016e9   Thumb Code   102  motor.o(i.Motor_SetLeft)
    Motor_SetRight                           0x08001755   Thumb Code   102  motor.o(i.Motor_SetRight)
    Motor_SetSpeed                           0x080017c1   Thumb Code    18  motor.o(i.Motor_SetSpeed)
    Motor_Stop                               0x080017d3   Thumb Code     8  motor.o(i.Motor_Stop)
    NMI_Handler                              0x080017db   Thumb Code     2  stm32f10x_it.o(i.NMI_Handler)
    NVIC_Init                                0x080017dd   Thumb Code    96  misc.o(i.NVIC_Init)
    OLED_Clear                               0x08001861   Thumb Code    38  oled.o(i.OLED_Clear)
    OLED_I2C_Init                            0x08001889   Thumb Code    76  oled.o(i.OLED_I2C_Init)
    OLED_I2C_SendByte                        0x080018d9   Thumb Code    94  oled.o(i.OLED_I2C_SendByte)
    OLED_I2C_Start                           0x0800193d   Thumb Code    52  oled.o(i.OLED_I2C_Start)
    OLED_I2C_Stop                            0x08001975   Thumb Code    42  oled.o(i.OLED_I2C_Stop)
    OLED_Init                                0x080019a5   Thumb Code   172  oled.o(i.OLED_Init)
    OLED_Pow                                 0x08001a51   Thumb Code    16  oled.o(i.OLED_Pow)
    OLED_SetCursor                           0x08001a61   Thumb Code    34  oled.o(i.OLED_SetCursor)
    OLED_ShowChar                            0x08001a85   Thumb Code    82  oled.o(i.OLED_ShowChar)
    OLED_ShowNum                             0x08001d49   Thumb Code    64  oled.o(i.OLED_ShowNum)
    OLED_ShowString                          0x08001dc3   Thumb Code    38  oled.o(i.OLED_ShowString)
    OLED_WriteCommand                        0x08001f71   Thumb Code    34  oled.o(i.OLED_WriteCommand)
    OLED_WriteData                           0x08001f93   Thumb Code    34  oled.o(i.OLED_WriteData)
    PendSV_Handler                           0x08001fb5   Thumb Code     2  stm32f10x_it.o(i.PendSV_Handler)
    RCC_APB1PeriphClockCmd                   0x08001fb9   Thumb Code    22  stm32f10x_rcc.o(i.RCC_APB1PeriphClockCmd)
    RCC_APB2PeriphClockCmd                   0x08001fd5   Thumb Code    22  stm32f10x_rcc.o(i.RCC_APB2PeriphClockCmd)
    RCC_GetClocksFreq                        0x08001ff1   Thumb Code   154  stm32f10x_rcc.o(i.RCC_GetClocksFreq)
    SVC_Handler                              0x0800209d   Thumb Code     2  stm32f10x_it.o(i.SVC_Handler)
    SysTick_Handler                          0x08002155   Thumb Code     4  stm32f10x_it.o(i.SysTick_Handler)
    SystemCoreClockUpdate                    0x08002159   Thumb Code   106  system_stm32f10x.o(i.SystemCoreClockUpdate)
    SystemInit                               0x080021d5   Thumb Code    64  system_stm32f10x.o(i.SystemInit)
    TIM_ARRPreloadConfig                     0x08002409   Thumb Code    24  stm32f10x_tim.o(i.TIM_ARRPreloadConfig)
    TIM_Cmd                                  0x08002421   Thumb Code    24  stm32f10x_tim.o(i.TIM_Cmd)
    TIM_CtrlPWMOutputs                       0x08002439   Thumb Code    28  stm32f10x_tim.o(i.TIM_CtrlPWMOutputs)
    TIM_EncoderInterfaceConfig               0x08002455   Thumb Code    50  stm32f10x_tim.o(i.TIM_EncoderInterfaceConfig)
    TIM_GetCounter                           0x08002487   Thumb Code     4  stm32f10x_tim.o(i.TIM_GetCounter)
    TIM_ICInit                               0x0800248d   Thumb Code   122  stm32f10x_tim.o(i.TIM_ICInit)
    TIM_ICStructInit                         0x08002519   Thumb Code    16  stm32f10x_tim.o(i.TIM_ICStructInit)
    TIM_OC1Init                              0x08002529   Thumb Code   114  stm32f10x_tim.o(i.TIM_OC1Init)
    TIM_OC1PreloadConfig                     0x080025b1   Thumb Code    12  stm32f10x_tim.o(i.TIM_OC1PreloadConfig)
    TIM_OC2Init                              0x080025bd   Thumb Code   128  stm32f10x_tim.o(i.TIM_OC2Init)
    TIM_OC2PreloadConfig                     0x08002645   Thumb Code    20  stm32f10x_tim.o(i.TIM_OC2PreloadConfig)
    TIM_OCStructInit                         0x08002659   Thumb Code    20  stm32f10x_tim.o(i.TIM_OCStructInit)
    TIM_SetCompare1                          0x0800266d   Thumb Code     4  stm32f10x_tim.o(i.TIM_SetCompare1)
    TIM_SetCompare2                          0x08002671   Thumb Code     4  stm32f10x_tim.o(i.TIM_SetCompare2)
    TIM_SetCounter                           0x08002675   Thumb Code     4  stm32f10x_tim.o(i.TIM_SetCounter)
    TIM_SetIC1Prescaler                      0x08002679   Thumb Code    16  stm32f10x_tim.o(i.TIM_SetIC1Prescaler)
    TIM_SetIC2Prescaler                      0x08002689   Thumb Code    24  stm32f10x_tim.o(i.TIM_SetIC2Prescaler)
    TIM_SetIC3Prescaler                      0x080026a1   Thumb Code    16  stm32f10x_tim.o(i.TIM_SetIC3Prescaler)
    TIM_SetIC4Prescaler                      0x080026b1   Thumb Code    24  stm32f10x_tim.o(i.TIM_SetIC4Prescaler)
    TIM_TimeBaseInit                         0x080026c9   Thumb Code   114  stm32f10x_tim.o(i.TIM_TimeBaseInit)
    TIM_TimeBaseStructInit                   0x08002765   Thumb Code    18  stm32f10x_tim.o(i.TIM_TimeBaseStructInit)
    Timer_GetMillis                          0x080027ed   Thumb Code     6  timer.o(i.Timer_GetMillis)
    Timer_Init                               0x080027f9   Thumb Code    78  timer.o(i.Timer_Init)
    Timer_SysTickISR                         0x0800284d   Thumb Code    52  timer.o(i.Timer_SysTickISR)
    USART1_IRQHandler                        0x08002885   Thumb Code     4  stm32f10x_it.o(i.USART1_IRQHandler)
    USART_ClearFlag                          0x08002889   Thumb Code     8  stm32f10x_usart.o(i.USART_ClearFlag)
    USART_Cmd                                0x08002891   Thumb Code    24  stm32f10x_usart.o(i.USART_Cmd)
    USART_GetITStatus                        0x080028a9   Thumb Code    64  stm32f10x_usart.o(i.USART_GetITStatus)
    USART_ITConfig                           0x080028e9   Thumb Code    54  stm32f10x_usart.o(i.USART_ITConfig)
    USART_Init                               0x08002921   Thumb Code   182  stm32f10x_usart.o(i.USART_Init)
    USART_ReceiveData                        0x080029dd   Thumb Code     8  stm32f10x_usart.o(i.USART_ReceiveData)
    USART_StructInit                         0x080029e5   Thumb Code    22  stm32f10x_usart.o(i.USART_StructInit)
    UsageFault_Handler                       0x080029fb   Thumb Code     2  stm32f10x_it.o(i.UsageFault_Handler)
    __scatterload_copy                       0x080029fd   Thumb Code    14  handlers.o(i.__scatterload_copy)
    __scatterload_null                       0x08002a0b   Thumb Code     2  handlers.o(i.__scatterload_null)
    __scatterload_zeroinit                   0x08002a0d   Thumb Code    14  handlers.o(i.__scatterload_zeroinit)
    main                                     0x08002a1d   Thumb Code   234  main.o(i.main)
    OLED_F8x16                               0x08002b1c   Data        1520  oled.o(.constdata)
    Region$$Table$$Base                      0x0800310c   Number         0  anon$$obj.o(Region$$Table)
    Region$$Table$$Limit                     0x0800312c   Number         0  anon$$obj.o(Region$$Table)
    SystemCoreClock                          0x20000000   Data           4  system_stm32f10x.o(.data)
    AHBPrescTable                            0x20000004   Data          16  system_stm32f10x.o(.data)
    Left_Speed                               0x20000036   Data           2  control.o(.data)
    Right_Speed                              0x20000038   Data           2  control.o(.data)
    Control_LeftTarget                       0x2000003a   Data           2  control.o(.data)
    Control_RightTarget                      0x2000003c   Data           2  control.o(.data)
    Control_LeftOutput                       0x2000003e   Data           2  control.o(.data)
    Control_RightOutput                      0x20000040   Data           2  control.o(.data)
    Gray_State                               0x20000070   Data           1  gray.o(.data)
    Gray_LineLost                            0x20000071   Data           1  gray.o(.data)
    Gray_Error                               0x20000072   Data           2  gray.o(.data)
    __initial_sp                             0x20000518   Data           0  startup_stm32f10x_md.o(STACK)



==============================================================================

Memory Map of the image

  Image Entry point : 0x080000ed

  Load Region LR_IROM1 (Base: 0x08000000, Size: 0x00003220, Max: 0x00010000, ABSOLUTE)

    Execution Region ER_IROM1 (Exec base: 0x08000000, Load base: 0x08000000, Size: 0x0000312c, Max: 0x00010000, ABSOLUTE)

    Exec Addr    Load Addr    Size         Type   Attr      Idx    E Section Name        Object

    0x08000000   0x08000000   0x000000ec   Data   RO            3    RESET               startup_stm32f10x_md.o
    0x080000ec   0x080000ec   0x00000000   Code   RO         4375  * .ARM.Collect$$$$00000000  mc_w.l(entry.o)
    0x080000ec   0x080000ec   0x00000004   Code   RO         4392    .ARM.Collect$$$$00000001  mc_w.l(entry2.o)
    0x080000f0   0x080000f0   0x00000004   Code   RO         4395    .ARM.Collect$$$$00000004  mc_w.l(entry5.o)
    0x080000f4   0x080000f4   0x00000000   Code   RO         4397    .ARM.Collect$$$$00000008  mc_w.l(entry7b.o)
    0x080000f4   0x080000f4   0x00000000   Code   RO         4399    .ARM.Collect$$$$0000000A  mc_w.l(entry8b.o)
    0x080000f4   0x080000f4   0x00000008   Code   RO         4400    .ARM.Collect$$$$0000000B  mc_w.l(entry9a.o)
    0x080000fc   0x080000fc   0x00000004   Code   RO         4407    .ARM.Collect$$$$0000000E  mc_w.l(entry12b.o)
    0x08000100   0x08000100   0x00000000   Code   RO         4402    .ARM.Collect$$$$0000000F  mc_w.l(entry10a.o)
    0x08000100   0x08000100   0x00000000   Code   RO         4404    .ARM.Collect$$$$00000011  mc_w.l(entry11a.o)
    0x08000100   0x08000100   0x00000004   Code   RO         4393    .ARM.Collect$$$$00002712  mc_w.l(entry2.o)
    0x08000104   0x08000104   0x00000024   Code   RO            4    .text               startup_stm32f10x_md.o
    0x08000128   0x08000128   0x000000b0   Code   RO         4378    .text               mf_w.l(fadd.o)
    0x080001d8   0x080001d8   0x00000064   Code   RO         4380    .text               mf_w.l(fmul.o)
    0x0800023c   0x0800023c   0x00000012   Code   RO         4382    .text               mf_w.l(fflti.o)
    0x0800024e   0x0800024e   0x00000032   Code   RO         4384    .text               mf_w.l(ffixi.o)
    0x08000280   0x08000280   0x00000028   Code   RO         4386    .text               mf_w.l(ffixui.o)
    0x080002a8   0x080002a8   0x00000014   Code   RO         4388    .text               mf_w.l(cfcmple.o)
    0x080002bc   0x080002bc   0x00000014   Code   RO         4390    .text               mf_w.l(cfrcmple.o)
    0x080002d0   0x080002d0   0x00000000   Code   RO         4408    .text               mc_w.l(iusefp.o)
    0x080002d0   0x080002d0   0x0000006e   Code   RO         4409    .text               mf_w.l(fepilogue.o)
    0x0800033e   0x0800033e   0x00000002   PAD
    0x08000340   0x08000340   0x00000024   Code   RO         4411    .text               mc_w.l(init.o)
    0x08000364   0x08000364   0x000000b8   Code   RO         3944    i.BalanceOutput_Init  balanceoutput.o
    0x0800041c   0x0800041c   0x00000026   Code   RO         3945    i.BalanceOutput_Limit  balanceoutput.o
    0x08000442   0x08000442   0x00000002   PAD
    0x08000444   0x08000444   0x00000040   Code   RO         3946    i.BalanceOutput_Set  balanceoutput.o
    0x08000484   0x08000484   0x00000024   Code   RO         3947    i.BalanceOutput_SetPulseUs  balanceoutput.o
    0x080004a8   0x080004a8   0x00000014   Code   RO         3948    i.BalanceOutput_Stop  balanceoutput.o
    0x080004bc   0x080004bc   0x0000000c   Code   RO         3898    i.BallPID_Abs       ballpid.o
    0x080004c8   0x080004c8   0x000001e8   Code   RO         3899    i.BallPID_Calculate  ballpid.o
    0x080006b0   0x080006b0   0x00000004   Code   RO         3900    i.BallPID_Init      ballpid.o
    0x080006b4   0x080006b4   0x00000026   Code   RO         3901    i.BallPID_Limit     ballpid.o
    0x080006da   0x080006da   0x00000002   PAD
    0x080006dc   0x080006dc   0x00000018   Code   RO         3902    i.BallPID_Reset     ballpid.o
    0x080006f4   0x080006f4   0x00000028   Code   RO         3992    i.BallTask_Init     balltask.o
    0x0800071c   0x0800071c   0x00000028   Code   RO         3995    i.BallTask_SetTargetMm  balltask.o
    0x08000744   0x08000744   0x00000038   Code   RO         3997    i.BallTask_Start    balltask.o
    0x0800077c   0x0800077c   0x00000028   Code   RO         3998    i.BallTask_Stop     balltask.o
    0x080007a4   0x080007a4   0x00000060   Code   RO         3999    i.BallTask_Update10ms  balltask.o
    0x08000804   0x08000804   0x00000002   Code   RO         4306    i.BusFault_Handler  stm32f10x_it.o
    0x08000806   0x08000806   0x0000000a   Code   RO         4068    i.CompetitionTask_Abs  competitiontask.o
    0x08000810   0x08000810   0x00000024   Code   RO         4069    i.CompetitionTask_BallIsStable  competitiontask.o
    0x08000834   0x08000834   0x00000024   Code   RO         4070    i.CompetitionTask_FaultStop  competitiontask.o
    0x08000858   0x08000858   0x00000020   Code   RO         4071    i.CompetitionTask_Finish  competitiontask.o
    0x08000878   0x08000878   0x00000004   Code   RO         4072    i.CompetitionTask_GetDistancePulse  competitiontask.o
    0x0800087c   0x0800087c   0x0000001c   Code   RO         4073    i.CompetitionTask_GetElapsedMs  competitiontask.o
    0x08000898   0x08000898   0x0000000c   Code   RO         4074    i.CompetitionTask_GetMaximumErrorMm  competitiontask.o
    0x080008a4   0x080008a4   0x00000004   Code   RO         4075    i.CompetitionTask_GetPositionMm  competitiontask.o
    0x080008a8   0x080008a8   0x0000000c   Code   RO         4076    i.CompetitionTask_GetSelected  competitiontask.o
    0x080008b4   0x080008b4   0x0000000c   Code   RO         4077    i.CompetitionTask_GetState  competitiontask.o
    0x080008c0   0x080008c0   0x0000000c   Code   RO         4078    i.CompetitionTask_GetTargetMm  competitiontask.o
    0x080008cc   0x080008cc   0x0000000c   Code   RO         4079    i.CompetitionTask_GetTask3Stage  competitiontask.o
    0x080008d8   0x080008d8   0x00000020   Code   RO         4081    i.CompetitionTask_Init  competitiontask.o
    0x080008f8   0x080008f8   0x00000010   Code   RO         4083    i.CompetitionTask_IsRunning  competitiontask.o
    0x08000908   0x08000908   0x0000003c   Code   RO         4084    i.CompetitionTask_SelectNext  competitiontask.o
    0x08000944   0x08000944   0x000000a0   Code   RO         4085    i.CompetitionTask_Start  competitiontask.o
    0x080009e4   0x080009e4   0x0000002c   Code   RO         4086    i.CompetitionTask_Stop  competitiontask.o
    0x08000a10   0x08000a10   0x00000070   Code   RO         4087    i.CompetitionTask_Update10ms  competitiontask.o
    0x08000a80   0x08000a80   0x00000024   Code   RO         4088    i.CompetitionTask_UpdateLapTask  competitiontask.o
    0x08000aa4   0x08000aa4   0x00000024   Code   RO         4089    i.CompetitionTask_UpdateMaximumError  competitiontask.o
    0x08000ac8   0x08000ac8   0x00000088   Code   RO         4090    i.CompetitionTask_UpdateTask3  competitiontask.o
    0x08000b50   0x08000b50   0x00000048   Code   RO         4091    i.CompetitionTask_UpdateTask4  competitiontask.o
    0x08000b98   0x08000b98   0x0000000e   Code   RO         3550    i.Control_AbsSpeed  control.o
    0x08000ba6   0x08000ba6   0x00000002   PAD
    0x08000ba8   0x08000ba8   0x00000010   Code   RO         3551    i.Control_GetDistancePulse  control.o
    0x08000bb8   0x08000bb8   0x00000030   Code   RO         3554    i.Control_Init      control.o
    0x08000be8   0x08000be8   0x00000026   Code   RO         3556    i.Control_LimitFloat  control.o
    0x08000c0e   0x08000c0e   0x00000010   Code   RO         3557    i.Control_LimitInt16  control.o
    0x08000c1e   0x08000c1e   0x00000002   PAD
    0x08000c20   0x08000c20   0x00000010   Code   RO         3558    i.Control_ResetDistance  control.o
    0x08000c30   0x08000c30   0x00000014   Code   RO         3559    i.Control_SetBaseSpeed  control.o
    0x08000c44   0x08000c44   0x00000014   Code   RO         3560    i.Control_SetSpeedPI  control.o
    0x08000c58   0x08000c58   0x00000014   Code   RO         3561    i.Control_SetTrackPD  control.o
    0x08000c6c   0x08000c6c   0x00000060   Code   RO         3562    i.Control_SpeedPI   control.o
    0x08000ccc   0x08000ccc   0x00000020   Code   RO         3563    i.Control_Start     control.o
    0x08000cec   0x08000cec   0x0000001c   Code   RO         3564    i.Control_Stop      control.o
    0x08000d08   0x08000d08   0x000000f0   Code   RO         3565    i.Control_Update10ms  control.o
    0x08000df8   0x08000df8   0x00000002   Code   RO         4307    i.DebugMon_Handler  stm32f10x_it.o
    0x08000dfa   0x08000dfa   0x00000002   PAD
    0x08000dfc   0x08000dfc   0x0000001c   Code   RO         3485    i.Encoder_GetLeft   encoder.o
    0x08000e18   0x08000e18   0x0000001c   Code   RO         3486    i.Encoder_GetRight  encoder.o
    0x08000e34   0x08000e34   0x000000f8   Code   RO         3487    i.Encoder_Init      encoder.o
    0x08000f2c   0x08000f2c   0x000000a6   Code   RO         1347    i.GPIO_Init         stm32f10x_gpio.o
    0x08000fd2   0x08000fd2   0x0000000e   Code   RO         1351    i.GPIO_ReadInputDataBit  stm32f10x_gpio.o
    0x08000fe0   0x08000fe0   0x00000004   Code   RO         1354    i.GPIO_ResetBits    stm32f10x_gpio.o
    0x08000fe4   0x08000fe4   0x00000004   Code   RO         1355    i.GPIO_SetBits      stm32f10x_gpio.o
    0x08000fe8   0x08000fe8   0x0000000c   Code   RO         1358    i.GPIO_WriteBit     stm32f10x_gpio.o
    0x08000ff4   0x08000ff4   0x0000000c   Code   RO         3715    i.Gray_GetError     gray.o
    0x08001000   0x08001000   0x0000003c   Code   RO         3716    i.Gray_Init         gray.o
    0x0800103c   0x0800103c   0x00000012   Code   RO         3717    i.Gray_IsBlack      gray.o
    0x0800104e   0x0800104e   0x00000002   PAD
    0x08001050   0x08001050   0x000000cc   Code   RO         3719    i.Gray_Read         gray.o
    0x0800111c   0x0800111c   0x00000002   Code   RO         4308    i.HardFault_Handler  stm32f10x_it.o
    0x0800111e   0x0800111e   0x00000002   PAD
    0x08001120   0x08001120   0x00000014   Code   RO         3220    i.Key_GetBallLongPress  key.o
    0x08001134   0x08001134   0x00000014   Code   RO         3221    i.Key_GetBallShortPress  key.o
    0x08001148   0x08001148   0x00000014   Code   RO         3222    i.Key_GetStartPress  key.o
    0x0800115c   0x0800115c   0x0000002c   Code   RO         3223    i.Key_Init          key.o
    0x08001188   0x08001188   0x000000ac   Code   RO         3224    i.Key_Scan10ms      key.o
    0x08001234   0x08001234   0x00000020   Code   RO         3757    i.LapTime_GetBlackCount  laptime.o
    0x08001254   0x08001254   0x00000010   Code   RO         3758    i.LapTime_GetElapsedMs  laptime.o
    0x08001264   0x08001264   0x00000018   Code   RO         3760    i.LapTime_Init      laptime.o
    0x0800127c   0x0800127c   0x00000012   Code   RO         3761    i.LapTime_IsFinishLine  laptime.o
    0x0800128e   0x0800128e   0x00000002   PAD
    0x08001290   0x08001290   0x0000000c   Code   RO         3762    i.LapTime_IsFinished  laptime.o
    0x0800129c   0x0800129c   0x00000018   Code   RO         3764    i.LapTime_Start     laptime.o
    0x080012b4   0x080012b4   0x0000000c   Code   RO         3765    i.LapTime_Stop      laptime.o
    0x080012c0   0x080012c0   0x00000070   Code   RO         3766    i.LapTime_Update10ms  laptime.o
    0x08001330   0x08001330   0x0000000a   Code   RO         4212    i.Main_AbsInt16     main.o
    0x0800133a   0x0800133a   0x00000002   PAD
    0x0800133c   0x0800133c   0x0000000c   Code   RO         3829    i.MaixCAM_GetPositionMm  maixcam.o
    0x08001348   0x08001348   0x000000c8   Code   RO         3832    i.MaixCAM_Init      maixcam.o
    0x08001410   0x08001410   0x0000000c   Code   RO         3833    i.MaixCAM_IsBallValid  maixcam.o
    0x0800141c   0x0800141c   0x00000024   Code   RO         3834    i.MaixCAM_IsOnline  maixcam.o
    0x08001440   0x08001440   0x00000094   Code   RO         3835    i.MaixCAM_ParseFrame  maixcam.o
    0x080014d4   0x080014d4   0x0000005e   Code   RO         3836    i.MaixCAM_ParseNumber  maixcam.o
    0x08001532   0x08001532   0x00000002   PAD
    0x08001534   0x08001534   0x00000078   Code   RO         3837    i.MaixCAM_RxIRQHandler  maixcam.o
    0x080015ac   0x080015ac   0x00000002   Code   RO         4309    i.MemManage_Handler  stm32f10x_it.o
    0x080015ae   0x080015ae   0x00000002   PAD
    0x080015b0   0x080015b0   0x00000034   Code   RO         3435    i.Motor_Brake       motor.o
    0x080015e4   0x080015e4   0x000000e8   Code   RO         3436    i.Motor_Init        motor.o
    0x080016cc   0x080016cc   0x0000001c   Code   RO         3437    i.Motor_Limit       motor.o
    0x080016e8   0x080016e8   0x0000006c   Code   RO         3438    i.Motor_SetLeft     motor.o
    0x08001754   0x08001754   0x0000006c   Code   RO         3439    i.Motor_SetRight    motor.o
    0x080017c0   0x080017c0   0x00000012   Code   RO         3440    i.Motor_SetSpeed    motor.o
    0x080017d2   0x080017d2   0x00000008   Code   RO         3441    i.Motor_Stop        motor.o
    0x080017da   0x080017da   0x00000002   Code   RO         4310    i.NMI_Handler       stm32f10x_it.o
    0x080017dc   0x080017dc   0x00000064   Code   RO          137    i.NVIC_Init         misc.o
    0x08001840   0x08001840   0x00000020   Code   RO         3658    i.NVIC_SetPriority  timer.o
    0x08001860   0x08001860   0x00000026   Code   RO         3309    i.OLED_Clear        oled.o
    0x08001886   0x08001886   0x00000002   PAD
    0x08001888   0x08001888   0x00000050   Code   RO         3310    i.OLED_I2C_Init     oled.o
    0x080018d8   0x080018d8   0x00000064   Code   RO         3311    i.OLED_I2C_SendByte  oled.o
    0x0800193c   0x0800193c   0x00000038   Code   RO         3312    i.OLED_I2C_Start    oled.o
    0x08001974   0x08001974   0x00000030   Code   RO         3313    i.OLED_I2C_Stop     oled.o
    0x080019a4   0x080019a4   0x000000ac   Code   RO         3314    i.OLED_Init         oled.o
    0x08001a50   0x08001a50   0x00000010   Code   RO         3315    i.OLED_Pow          oled.o
    0x08001a60   0x08001a60   0x00000022   Code   RO         3316    i.OLED_SetCursor    oled.o
    0x08001a82   0x08001a82   0x00000002   PAD
    0x08001a84   0x08001a84   0x00000058   Code   RO         3318    i.OLED_ShowChar     oled.o
    0x08001adc   0x08001adc   0x00000258   Code   RO         4213    i.OLED_ShowCompetitionTask  main.o
    0x08001d34   0x08001d34   0x00000014   Code   RO         4214    i.OLED_ShowCompetitionTime  main.o
    0x08001d48   0x08001d48   0x00000040   Code   RO         3320    i.OLED_ShowNum      oled.o
    0x08001d88   0x08001d88   0x0000003a   Code   RO         4215    i.OLED_ShowSignedMm  main.o
    0x08001dc2   0x08001dc2   0x00000026   Code   RO         3322    i.OLED_ShowString   oled.o
    0x08001de8   0x08001de8   0x00000118   Code   RO         4216    i.OLED_ShowTask2    main.o
    0x08001f00   0x08001f00   0x00000070   Code   RO         4217    i.OLED_ShowTime     main.o
    0x08001f70   0x08001f70   0x00000022   Code   RO         3323    i.OLED_WriteCommand  oled.o
    0x08001f92   0x08001f92   0x00000022   Code   RO         3324    i.OLED_WriteData    oled.o
    0x08001fb4   0x08001fb4   0x00000002   Code   RO         4311    i.PendSV_Handler    stm32f10x_it.o
    0x08001fb6   0x08001fb6   0x00000002   PAD
    0x08001fb8   0x08001fb8   0x0000001c   Code   RO         1775    i.RCC_APB1PeriphClockCmd  stm32f10x_rcc.o
    0x08001fd4   0x08001fd4   0x0000001c   Code   RO         1777    i.RCC_APB2PeriphClockCmd  stm32f10x_rcc.o
    0x08001ff0   0x08001ff0   0x000000ac   Code   RO         1785    i.RCC_GetClocksFreq  stm32f10x_rcc.o
    0x0800209c   0x0800209c   0x00000002   Code   RO         4312    i.SVC_Handler       stm32f10x_it.o
    0x0800209e   0x0800209e   0x00000004   Code   RO           24    i.SetSysClock       system_stm32f10x.o
    0x080020a2   0x080020a2   0x00000002   PAD
    0x080020a4   0x080020a4   0x000000b0   Code   RO           25    i.SetSysClockTo72   system_stm32f10x.o
    0x08002154   0x08002154   0x00000004   Code   RO         4313    i.SysTick_Handler   stm32f10x_it.o
    0x08002158   0x08002158   0x0000007c   Code   RO           26    i.SystemCoreClockUpdate  system_stm32f10x.o
    0x080021d4   0x080021d4   0x00000050   Code   RO           27    i.SystemInit        system_stm32f10x.o
    0x08002224   0x08002224   0x00000074   Code   RO         2405    i.TI1_Config        stm32f10x_tim.o
    0x08002298   0x08002298   0x0000007c   Code   RO         2406    i.TI2_Config        stm32f10x_tim.o
    0x08002314   0x08002314   0x00000078   Code   RO         2407    i.TI3_Config        stm32f10x_tim.o
    0x0800238c   0x0800238c   0x0000007c   Code   RO         2408    i.TI4_Config        stm32f10x_tim.o
    0x08002408   0x08002408   0x00000018   Code   RO         2409    i.TIM_ARRPreloadConfig  stm32f10x_tim.o
    0x08002420   0x08002420   0x00000018   Code   RO         2421    i.TIM_Cmd           stm32f10x_tim.o
    0x08002438   0x08002438   0x0000001c   Code   RO         2423    i.TIM_CtrlPWMOutputs  stm32f10x_tim.o
    0x08002454   0x08002454   0x00000032   Code   RO         2430    i.TIM_EncoderInterfaceConfig  stm32f10x_tim.o
    0x08002486   0x08002486   0x00000004   Code   RO         2440    i.TIM_GetCounter    stm32f10x_tim.o
    0x0800248a   0x0800248a   0x00000002   PAD
    0x0800248c   0x0800248c   0x0000008c   Code   RO         2444    i.TIM_ICInit        stm32f10x_tim.o
    0x08002518   0x08002518   0x00000010   Code   RO         2445    i.TIM_ICStructInit  stm32f10x_tim.o
    0x08002528   0x08002528   0x00000088   Code   RO         2450    i.TIM_OC1Init       stm32f10x_tim.o
    0x080025b0   0x080025b0   0x0000000c   Code   RO         2453    i.TIM_OC1PreloadConfig  stm32f10x_tim.o
    0x080025bc   0x080025bc   0x00000088   Code   RO         2455    i.TIM_OC2Init       stm32f10x_tim.o
    0x08002644   0x08002644   0x00000014   Code   RO         2458    i.TIM_OC2PreloadConfig  stm32f10x_tim.o
    0x08002658   0x08002658   0x00000014   Code   RO         2468    i.TIM_OCStructInit  stm32f10x_tim.o
    0x0800266c   0x0800266c   0x00000004   Code   RO         2482    i.TIM_SetCompare1   stm32f10x_tim.o
    0x08002670   0x08002670   0x00000004   Code   RO         2483    i.TIM_SetCompare2   stm32f10x_tim.o
    0x08002674   0x08002674   0x00000004   Code   RO         2486    i.TIM_SetCounter    stm32f10x_tim.o
    0x08002678   0x08002678   0x00000010   Code   RO         2487    i.TIM_SetIC1Prescaler  stm32f10x_tim.o
    0x08002688   0x08002688   0x00000018   Code   RO         2488    i.TIM_SetIC2Prescaler  stm32f10x_tim.o
    0x080026a0   0x080026a0   0x00000010   Code   RO         2489    i.TIM_SetIC3Prescaler  stm32f10x_tim.o
    0x080026b0   0x080026b0   0x00000018   Code   RO         2490    i.TIM_SetIC4Prescaler  stm32f10x_tim.o
    0x080026c8   0x080026c8   0x0000009c   Code   RO         2492    i.TIM_TimeBaseInit  stm32f10x_tim.o
    0x08002764   0x08002764   0x00000012   Code   RO         2493    i.TIM_TimeBaseStructInit  stm32f10x_tim.o
    0x08002776   0x08002776   0x00000002   PAD
    0x08002778   0x08002778   0x00000028   Code   RO         4218    i.Task2_AutoFinish  main.o
    0x080027a0   0x080027a0   0x00000024   Code   RO         4219    i.Task2_ManualStop  main.o
    0x080027c4   0x080027c4   0x00000028   Code   RO         4220    i.Task2_Start       main.o
    0x080027ec   0x080027ec   0x0000000c   Code   RO         3660    i.Timer_GetMillis   timer.o
    0x080027f8   0x080027f8   0x00000054   Code   RO         3661    i.Timer_Init        timer.o
    0x0800284c   0x0800284c   0x00000038   Code   RO         3662    i.Timer_SysTickISR  timer.o
    0x08002884   0x08002884   0x00000004   Code   RO         4314    i.USART1_IRQHandler  stm32f10x_it.o
    0x08002888   0x08002888   0x00000008   Code   RO         2956    i.USART_ClearFlag   stm32f10x_usart.o
    0x08002890   0x08002890   0x00000018   Code   RO         2960    i.USART_Cmd         stm32f10x_usart.o
    0x080028a8   0x080028a8   0x00000040   Code   RO         2964    i.USART_GetITStatus  stm32f10x_usart.o
    0x080028e8   0x080028e8   0x00000036   Code   RO         2966    i.USART_ITConfig    stm32f10x_usart.o
    0x0800291e   0x0800291e   0x00000002   PAD
    0x08002920   0x08002920   0x000000bc   Code   RO         2967    i.USART_Init        stm32f10x_usart.o
    0x080029dc   0x080029dc   0x00000008   Code   RO         2974    i.USART_ReceiveData  stm32f10x_usart.o
    0x080029e4   0x080029e4   0x00000016   Code   RO         2983    i.USART_StructInit  stm32f10x_usart.o
    0x080029fa   0x080029fa   0x00000002   Code   RO         4315    i.UsageFault_Handler  stm32f10x_it.o
    0x080029fc   0x080029fc   0x0000000e   Code   RO         4415    i.__scatterload_copy  mc_w.l(handlers.o)
    0x08002a0a   0x08002a0a   0x00000002   Code   RO         4416    i.__scatterload_null  mc_w.l(handlers.o)
    0x08002a0c   0x08002a0c   0x0000000e   Code   RO         4417    i.__scatterload_zeroinit  mc_w.l(handlers.o)
    0x08002a1a   0x08002a1a   0x00000002   PAD
    0x08002a1c   0x08002a1c   0x00000100   Code   RO         4221    i.main              main.o
    0x08002b1c   0x08002b1c   0x000005f0   Data   RO         3325    .constdata          oled.o
    0x0800310c   0x0800310c   0x00000020   Data   RO         4413    Region$$Table       anon$$obj.o


    Execution Region RW_IRAM1 (Exec base: 0x20000000, Load base: 0x0800312c, Size: 0x00000518, Max: 0x00005000, ABSOLUTE)

    Exec Addr    Load Addr    Size         Type   Attr      Idx    E Section Name        Object

    0x20000000   0x0800312c   0x00000014   Data   RW           28    .data               system_stm32f10x.o
    0x20000014   0x08003140   0x00000014   Data   RW         1805    .data               stm32f10x_rcc.o
    0x20000028   0x08003154   0x0000000c   Data   RW         3225    .data               key.o
    0x20000034   0x08003160   0x00000034   Data   RW         3566    .data               control.o
    0x20000068   0x08003194   0x00000008   Data   RW         3663    .data               timer.o
    0x20000070   0x0800319c   0x00000006   Data   RW         3720    .data               gray.o
    0x20000076   0x080031a2   0x00000002   PAD
    0x20000078   0x080031a4   0x0000000c   Data   RW         3767    .data               laptime.o
    0x20000084   0x080031b0   0x00000014   Data   RW         3839    .data               maixcam.o
    0x20000098   0x080031c4   0x00000020   Data   RW         3904    .data               ballpid.o
    0x200000b8   0x080031e4   0x00000004   Data   RW         3949    .data               balanceoutput.o
    0x200000bc   0x080031e8   0x00000018   Data   RW         4000    .data               balltask.o
    0x200000d4   0x08003200   0x00000018   Data   RW         4092    .data               competitiontask.o
    0x200000ec   0x08003218   0x00000008   Data   RW         4222    .data               main.o
    0x200000f4        -       0x00000020   Zero   RW         3838    .bss                maixcam.o
    0x20000114   0x08003220   0x00000004   PAD
    0x20000118        -       0x00000400   Zero   RW            1    STACK               startup_stm32f10x_md.o


==============================================================================

Image component sizes


      Code (inc. data)   RO Data    RW Data    ZI Data      Debug   Object Name

       342         48          0          4          0       2842   balanceoutput.o
       566        100          0         32          0       3295   ballpid.o
       272         26          0         24          0       3706   balltask.o
       914         88          0         24          0      12101   competitiontask.o
       604         64          0         52          0       7810   control.o
         0          0          0          0          0       4500   core_cm3.o
       304         24          0          0          0       1608   encoder.o
       294         26          0          6          0       2766   gray.o
       276         32          0         12          0       3097   key.o
       250         34          0         12          0       4235   laptime.o
      1452        336          0          8          0       6239   main.o
       622         46          0         20         32       4827   maixcam.o
       100          4          0          0          0     204224   misc.o
       554         36          0          0          0       3610   motor.o
       802         26       1520          0          0       7325   oled.o
        36          8        236          0       1024        788   startup_stm32f10x_md.o
         0          0          0          0          0       1632   stm32f10x_adc.o
       200          0          0          0          0      12268   stm32f10x_gpio.o
        24          0          0          0          0       3898   stm32f10x_it.o
       228         30          0         20          0      13010   stm32f10x_rcc.o
      1360        178          0          0          0      35634   stm32f10x_tim.o
       368          6          0          0          0      11887   stm32f10x_usart.o
       384         44          0         20          0      45909   system_stm32f10x.o
       184         16          0          8          0      18325   timer.o

    ----------------------------------------------------------------------
     10172       1172       1788        244       1060     415536   Object Totals
         0          0         32          0          0          0   (incl. Generated)
        36          0          0          2          4          0   (incl. Padding)

    ----------------------------------------------------------------------

      Code (inc. data)   RO Data    RW Data    ZI Data      Debug   Library Member Name

         0          0          0          0          0          0   entry.o
         0          0          0          0          0          0   entry10a.o
         0          0          0          0          0          0   entry11a.o
         4          0          0          0          0          0   entry12b.o
         8          4          0          0          0          0   entry2.o
         4          0          0          0          0          0   entry5.o
         0          0          0          0          0          0   entry7b.o
         0          0          0          0          0          0   entry8b.o
         8          4          0          0          0          0   entry9a.o
        30          0          0          0          0          0   handlers.o
        36          8          0          0          0         68   init.o
         0          0          0          0          0          0   iusefp.o
        20          0          0          0          0         68   cfcmple.o
        20          0          0          0          0         68   cfrcmple.o
       176          0          0          0          0        140   fadd.o
       110          0          0          0          0        168   fepilogue.o
        50          0          0          0          0         68   ffixi.o
        40          0          0          0          0         68   ffixui.o
        18          0          0          0          0         68   fflti.o
       100          0          0          0          0         76   fmul.o

    ----------------------------------------------------------------------
       628         16          0          0          0        792   Library Totals
         4          0          0          0          0          0   (incl. Padding)

    ----------------------------------------------------------------------

      Code (inc. data)   RO Data    RW Data    ZI Data      Debug   Library Name

        90         16          0          0          0         68   mc_w.l
       534          0          0          0          0        724   mf_w.l

    ----------------------------------------------------------------------
       628         16          0          0          0        792   Library Totals

    ----------------------------------------------------------------------

==============================================================================


      Code (inc. data)   RO Data    RW Data    ZI Data      Debug   

     10800       1188       1788        244       1060     407796   Grand Totals
     10800       1188       1788        244       1060     407796   ELF Image Totals
     10800       1188       1788        244          0          0   ROM Totals

==============================================================================

    Total RO  Size (Code + RO Data)                12588 (  12.29kB)
    Total RW  Size (RW Data + ZI Data)              1304 (   1.27kB)
    Total ROM Size (Code + RO Data + RW Data)      12832 (  12.53kB)

==============================================================================

